Archive member included to satisfy reference by file (symbol)

c:/ac6/systemworkbench/plugins/fr.ac6.mcu.externaltools.arm-none.win32_1.17.0.201812190825/tools/compiler/bin/../lib/gcc/arm-none-eabi/7.3.1/thumb/v6-m\libgcc.a(_udivsi3.o)
                              HAL_Driver/Src/stm32f0xx_hal.o (__aeabi_uidiv)
c:/ac6/systemworkbench/plugins/fr.ac6.mcu.externaltools.arm-none.win32_1.17.0.201812190825/tools/compiler/bin/../lib/gcc/arm-none-eabi/7.3.1/thumb/v6-m\libgcc.a(_dvmd_tls.o)
                              c:/ac6/systemworkbench/plugins/fr.ac6.mcu.externaltools.arm-none.win32_1.17.0.201812190825/tools/compiler/bin/../lib/gcc/arm-none-eabi/7.3.1/thumb/v6-m\libgcc.a(_udivsi3.o) (__aeabi_idiv0)
c:/ac6/systemworkbench/plugins/fr.ac6.mcu.externaltools.arm-none.win32_1.17.0.201812190825/tools/compiler/bin/../lib/gcc/arm-none-eabi/7.3.1/thumb/v6-m\libgcc.a(_arm_cmpsf2.o)
                              src/main.o (__aeabi_fcmplt)
c:/ac6/systemworkbench/plugins/fr.ac6.mcu.externaltools.arm-none.win32_1.17.0.201812190825/tools/compiler/bin/../lib/gcc/arm-none-eabi/7.3.1/thumb/v6-m\libgcc.a(_fixunssfsi.o)
                              src/main.o (__aeabi_f2uiz)
c:/ac6/systemworkbench/plugins/fr.ac6.mcu.externaltools.arm-none.win32_1.17.0.201812190825/tools/compiler/bin/../lib/gcc/arm-none-eabi/7.3.1/thumb/v6-m\libgcc.a(addsf3.o)
                              src/main.o (__aeabi_fadd)
c:/ac6/systemworkbench/plugins/fr.ac6.mcu.externaltools.arm-none.win32_1.17.0.201812190825/tools/compiler/bin/../lib/gcc/arm-none-eabi/7.3.1/thumb/v6-m\libgcc.a(divsf3.o)
                              src/main.o (__aeabi_fdiv)
c:/ac6/systemworkbench/plugins/fr.ac6.mcu.externaltools.arm-none.win32_1.17.0.201812190825/tools/compiler/bin/../lib/gcc/arm-none-eabi/7.3.1/thumb/v6-m\libgcc.a(eqsf2.o)
                              c:/ac6/systemworkbench/plugins/fr.ac6.mcu.externaltools.arm-none.win32_1.17.0.201812190825/tools/compiler/bin/../lib/gcc/arm-none-eabi/7.3.1/thumb/v6-m\libgcc.a(_arm_cmpsf2.o) (__eqsf2)
c:/ac6/systemworkbench/plugins/fr.ac6.mcu.externaltools.arm-none.win32_1.17.0.201812190825/tools/compiler/bin/../lib/gcc/arm-none-eabi/7.3.1/thumb/v6-m\libgcc.a(gesf2.o)
                              c:/ac6/systemworkbench/plugins/fr.ac6.mcu.externaltools.arm-none.win32_1.17.0.201812190825/tools/compiler/bin/../lib/gcc/arm-none-eabi/7.3.1/thumb/v6-m\libgcc.a(_arm_cmpsf2.o) (__gesf2)
c:/ac6/systemworkbench/plugins/fr.ac6.mcu.externaltools.arm-none.win32_1.17.0.201812190825/tools/compiler/bin/../lib/gcc/arm-none-eabi/7.3.1/thumb/v6-m\libgcc.a(lesf2.o)
                              c:/ac6/systemworkbench/plugins/fr.ac6.mcu.externaltools.arm-none.win32_1.17.0.201812190825/tools/compiler/bin/../lib/gcc/arm-none-eabi/7.3.1/thumb/v6-m\libgcc.a(_arm_cmpsf2.o) (__lesf2)
c:/ac6/systemworkbench/plugins/fr.ac6.mcu.externaltools.arm-none.win32_1.17.0.201812190825/tools/compiler/bin/../lib/gcc/arm-none-eabi/7.3.1/thumb/v6-m\libgcc.a(mulsf3.o)
                              src/main.o (__aeabi_fmul)
c:/ac6/systemworkbench/plugins/fr.ac6.mcu.externaltools.arm-none.win32_1.17.0.201812190825/tools/compiler/bin/../lib/gcc/arm-none-eabi/7.3.1/thumb/v6-m\libgcc.a(subsf3.o)
                              src/main.o (__aeabi_fsub)
c:/ac6/systemworkbench/plugins/fr.ac6.mcu.externaltools.arm-none.win32_1.17.0.201812190825/tools/compiler/bin/../lib/gcc/arm-none-eabi/7.3.1/thumb/v6-m\libgcc.a(fixsfsi.o)
                              c:/ac6/systemworkbench/plugins/fr.ac6.mcu.externaltools.arm-none.win32_1.17.0.201812190825/tools/compiler/bin/../lib/gcc/arm-none-eabi/7.3.1/thumb/v6-m\libgcc.a(_fixunssfsi.o) (__aeabi_f2iz)
c:/ac6/systemworkbench/plugins/fr.ac6.mcu.externaltools.arm-none.win32_1.17.0.201812190825/tools/compiler/bin/../lib/gcc/arm-none-eabi/7.3.1/thumb/v6-m\libgcc.a(floatsisf.o)
                              src/main.o (__aeabi_i2f)
c:/ac6/systemworkbench/plugins/fr.ac6.mcu.externaltools.arm-none.win32_1.17.0.201812190825/tools/compiler/bin/../lib/gcc/arm-none-eabi/7.3.1/thumb/v6-m\libgcc.a(floatunsisf.o)
                              src/main.o (__aeabi_ui2f)
c:/ac6/systemworkbench/plugins/fr.ac6.mcu.externaltools.arm-none.win32_1.17.0.201812190825/tools/compiler/bin/../lib/gcc/arm-none-eabi/7.3.1/thumb/v6-m\libgcc.a(divdf3.o)
                              src/main.o (__aeabi_ddiv)
c:/ac6/systemworkbench/plugins/fr.ac6.mcu.externaltools.arm-none.win32_1.17.0.201812190825/tools/compiler/bin/../lib/gcc/arm-none-eabi/7.3.1/thumb/v6-m\libgcc.a(muldf3.o)
                              src/main.o (__aeabi_dmul)
c:/ac6/systemworkbench/plugins/fr.ac6.mcu.externaltools.arm-none.win32_1.17.0.201812190825/tools/compiler/bin/../lib/gcc/arm-none-eabi/7.3.1/thumb/v6-m\libgcc.a(subdf3.o)
                              src/main.o (__aeabi_dsub)
c:/ac6/systemworkbench/plugins/fr.ac6.mcu.externaltools.arm-none.win32_1.17.0.201812190825/tools/compiler/bin/../lib/gcc/arm-none-eabi/7.3.1/thumb/v6-m\libgcc.a(extendsfdf2.o)
[...]
Memory Configuration

Name             Origin             Length             Attributes
RAM              0x20000000         0x00008000         xrw
ROM              0x08000000         0x00040000         xr
*default*        0x00000000         0xffffffff

Linker script and memory map

LOAD c:/ac6/systemworkbench/plugins/fr.ac6.mcu.externaltools.arm-none.win32_1.17.0.201812190825/tools/compiler/bin/../lib/gcc/arm-none-eabi/7.3.1/thumb/v6-m/crti.o
LOAD c:/ac6/systemworkbench/plugins/fr.ac6.mcu.externaltools.arm-none.win32_1.17.0.201812190825/tools/compiler/bin/../lib/gcc/arm-none-eabi/7.3.1/thumb/v6-m/crtbegin.o
LOAD c:/ac6/systemworkbench/plugins/fr.ac6.mcu.externaltools.arm-none.win32_1.17.0.201812190825/tools/compiler/bin/../lib/gcc/arm-none-eabi/7.3.1/../../../../arm-none-eabi/lib/thumb/v6-m/crt0.o
LOAD HAL_Driver/Src/stm32f0xx_hal.o
LOAD HAL_Driver/Src/stm32f0xx_hal_adc.o
LOAD HAL_Driver/Src/stm32f0xx_hal_adc_ex.o
LOAD HAL_Driver/Src/stm32f0xx_hal_can.o
LOAD HAL_Driver/Src/stm32f0xx_hal_cec.o
LOAD HAL_Driver/Src/stm32f0xx_hal_comp.o
LOAD HAL_Driver/Src/stm32f0xx_hal_cortex.o
LOAD HAL_Driver/Src/stm32f0xx_hal_crc.o
LOAD HAL_Driver/Src/stm32f0xx_hal_crc_ex.o
LOAD HAL_Driver/Src/stm32f0xx_hal_dac.o
LOAD HAL_Driver/Src/stm32f0xx_hal_dac_ex.o
LOAD HAL_Driver/Src/stm32f0xx_hal_dma.o
LOAD HAL_Driver/Src/stm32f0xx_hal_flash.o
LOAD HAL_Driver/Src/stm32f0xx_hal_flash_ex.o
LOAD HAL_Driver/Src/stm32f0xx_hal_gpio.o
LOAD HAL_Driver/Src/stm32f0xx_hal_i2c.o
LOAD HAL_Driver/Src/stm32f0xx_hal_i2c_ex.o
LOAD HAL_Driver/Src/stm32f0xx_hal_i2s.o
LOAD HAL_Driver/Src/stm32f0xx_hal_irda.o
LOAD HAL_Driver/Src/stm32f0xx_hal_iwdg.o
LOAD HAL_Driver/Src/stm32f0xx_hal_msp_template.o
LOAD HAL_Driver/Src/stm32f0xx_hal_pcd.o
LOAD HAL_Driver/Src/stm32f0xx_hal_pcd_ex.o
LOAD HAL_Driver/Src/stm32f0xx_hal_pwr.o
LOAD HAL_Driver/Src/stm32f0xx_hal_pwr_ex.o
LOAD HAL_Driver/Src/stm32f0xx_hal_rcc.o
LOAD HAL_Driver/Src/stm32f0xx_hal_rcc_ex.o
LOAD HAL_Driver/Src/stm32f0xx_hal_rtc.o
LOAD HAL_Driver/Src/stm32f0xx_hal_rtc_ex.o
LOAD HAL_Driver/Src/stm32f0xx_hal_smartcard.o
LOAD HAL_Driver/Src/stm32f0xx_hal_smartcard_ex.o
LOAD HAL_Driver/Src/stm32f0xx_hal_smbus.o
LOAD HAL_Driver/Src/stm32f0xx_hal_spi.o
LOAD HAL_Driver/Src/stm32f0xx_hal_spi_ex.o
LOAD HAL_Driver/Src/stm32f0xx_hal_tim.o
LOAD HAL_Driver/Src/stm32f0xx_hal_tim_ex.o
LOAD HAL_Driver/Src/stm32f0xx_hal_tsc.o
LOAD HAL_Driver/Src/stm32f0xx_hal_uart.o
LOAD HAL_Driver/Src/stm32f0xx_hal_uart_ex.o
LOAD HAL_Driver/Src/stm32f0xx_hal_usart.o
LOAD HAL_Driver/Src/stm32f0xx_hal_wwdg.o
LOAD HAL_Driver/Src/stm32f0xx_ll_adc.o
LOAD HAL_Driver/Src/stm32f0xx_ll_comp.o
LOAD HAL_Driver/Src/stm32f0xx_ll_crc.o
LOAD HAL_Driver/Src/stm32f0xx_ll_crs.o
LOAD HAL_Driver/Src/stm32f0xx_ll_dac.o
LOAD HAL_Driver/Src/stm32f0xx_ll_dma.o
LOAD HAL_Driver/Src/stm32f0xx_ll_exti.o
LOAD HAL_Driver/Src/stm32f0xx_ll_gpio.o
LOAD HAL_Driver/Src/stm32f0xx_ll_i2c.o
LOAD HAL_Driver/Src/stm32f0xx_ll_pwr.o
LOAD HAL_Driver/Src/stm32f0xx_ll_rcc.o
LOAD HAL_Driver/Src/stm32f0xx_ll_rtc.o
LOAD HAL_Driver/Src/stm32f0xx_ll_spi.o
LOAD HAL_Driver/Src/stm32f0xx_ll_tim.o
LOAD HAL_Driver/Src/stm32f0xx_ll_usart.o
LOAD HAL_Driver/Src/stm32f0xx_ll_utils.o
LOAD src/main.o
LOAD src/stm32f0xx_it.o
LOAD src/syscalls.o
LOAD src/system_stm32f0xx.o
LOAD startup/startup_stm32.o
LOAD c:/ac6/systemworkbench/plugins/fr.ac6.mcu.externaltools.arm-none.win32_1.17.0.201812190825/tools/compiler/bin/../lib/gcc/arm-none-eabi/7.3.1/../../../../arm-none-eabi/lib/thumb/v6-m\libm.a
START GROUP
LOAD c:/ac6/systemworkbench/plugins/fr.ac6.mcu.externaltools.arm-none.win32_1.17.0.201812190825/tools/compiler/bin/../lib/gcc/arm-none-eabi/7.3.1/thumb/v6-m\libgcc.a
LOAD c:/ac6/systemworkbench/plugins/fr.ac6.mcu.externaltools.arm-none.win32_1.17.0.201812190825/tools/compiler/bin/../lib/gcc/arm-none-eabi/7.3.1/../../../../arm-none-eabi/lib/thumb/v6-m\libc.a
END GROUP
LOAD c:/ac6/systemworkbench/plugins/fr.ac6.mcu.externaltools.arm-none.win32_1.17.0.201812190825/tools/compiler/bin/../lib/gcc/arm-none-eabi/7.3.1/thumb/v6-m/crtend.o
LOAD c:/ac6/systemworkbench/plugins/fr.ac6.mcu.externaltools.arm-none.win32_1.17.0.201812190825/tools/compiler/bin/../lib/gcc/arm-none-eabi/7.3.1/thumb/v6-m/crtn.o
                0x20008000                _estack = 0x20008000
                0x00000000                _Min_Heap_Size = 0x0
                0x00000400                _Min_Stack_Size = 0x400

.isr_vector     0x08000000       0xc0
                0x08000000                . = ALIGN (0x4)
 *(.isr_vector)
 .isr_vector    0x08000000       0xc0 startup/startup_stm32.o
                0x08000000                g_pfnVectors
                0x080000c0                . = ALIGN (0x4)

.text           0x080000c0     0x8e6c
                0x080000c0                . = ALIGN (0x4)
 *(.text)
 .text          0x080000c0       0x48 c:/ac6/systemworkbench/plugins/fr.ac6.mcu.externaltools.arm-none.win32_1.17.0.201812190825/tools/compiler/bin/../lib/gcc/arm-none-eabi/7.3.1/thumb/v6-m/crtbegin.o
 .text          0x08000108      0x114 c:/ac6/systemworkbench/plugins/fr.ac6.mcu.externaltools.arm-none.win32_1.17.0.201812190825/tools/compiler/bin/../lib/gcc/arm-none-eabi/7.3.1/thumb/v6-m\libgcc.a(_udivsi3.o)
                0x08000108                __aeabi_uidiv
                0x08000108                __udivsi3
                0x08000214                __aeabi_uidivmod
 .text          0x0800021c        0x4 c:/ac6/systemworkbench/plugins/fr.ac6.mcu.externaltools.arm-none.win32_1.17.0.201812190825/tools/compiler/bin/../lib/gcc/arm-none-eabi/7.3.1/thumb/v6-m\libgcc.a(_dvmd_tls.o)
                0x0800021c                __aeabi_idiv0
                0x0800021c                __aeabi_ldiv0
 .text          0x08000220       0x74 c:/ac6/systemworkbench/plugins/fr.ac6.mcu.externaltools.arm-none.win32_1.17.0.201812190825/tools/compiler/bin/../lib/gcc/arm-none-eabi/7.3.1/thumb/v6-m\libgcc.a(_arm_cmpsf2.o)
                0x08000220                __aeabi_cfrcmple
                0x08000228                __aeabi_cfcmpeq
                0x08000228                __aeabi_cfcmple
                0x08000238                __aeabi_fcmpeq
                0x08000244                __aeabi_fcmplt
                0x08000258                __aeabi_fcmple
                0x0800026c                __aeabi_fcmpgt
                0x08000280                __aeabi_fcmpge
 .text          0x08000294       0x30 c:/ac6/systemworkbench/plugins/fr.ac6.mcu.externaltools.arm-none.win32_1.17.0.201812190825/tools/compiler/bin/../lib/gcc/arm-none-eabi/7.3.1/thumb/v6-m\libgcc.a(_fixunssfsi.o)
                0x08000294                __fixunssfsi
                0x08000294                __aeabi_f2uiz
 .text          0x080002c4      0x334 c:/ac6/systemworkbench/plugins/fr.ac6.mcu.externaltools.arm-none.win32_1.17.0.201812190825/tools/compiler/bin/../lib/gcc/arm-none-eabi/7.3.1/thumb/v6-m\libgcc.a(addsf3.o)
                0x080002c4                __aeabi_fadd
 .text          0x080005f8      0x224 c:/ac6/systemworkbench/plugins/fr.ac6.mcu.externaltools.arm-none.win32_1.17.0.201812190825/tools/compiler/bin/../lib/gcc/arm-none-eabi/7.3.1/thumb/v6-m\libgcc.a(divsf3.o)
                0x080005f8                __aeabi_fdiv
 .text          0x0800081c       0x50 c:/ac6/systemworkbench/plugins/fr.ac6.mcu.externaltools.arm-none.win32_1.17.0.201812190825/tools/compiler/bin/../lib/gcc/arm-none-eabi/7.3.1/thumb/v6-m\libgcc.a(eqsf2.o)
                0x0800081c                __eqsf2
                0x0800081c                __nesf2
 .text          0x0800086c       0x9c c:/ac6/systemworkbench/plugins/fr.ac6.mcu.externaltools.arm-none.win32_1.17.0.201812190825/tools/compiler/bin/../lib/gcc/arm-none-eabi/7.3.1/thumb/v6-m\libgcc.a(gesf2.o)
                0x0800086c                __gesf2
                0x0800086c                __gtsf2
 .text          0x08000908       0xa0 c:/ac6/systemworkbench/plugins/fr.ac6.mcu.externaltools.arm-none.win32_1.17.0.201812190825/tools/compiler/bin/../lib/gcc/arm-none-eabi/7.3.1/thumb/v6-m\libgcc.a(lesf2.o)
                0x08000908                __ltsf2
                0x08000908                __lesf2
 .text          0x080009a8      0x264 c:/ac6/systemworkbench/plugins/fr.ac6.mcu.externaltools.arm-none.win32_1.17.0.201812190825/tools/compiler/bin/../lib/gcc/arm-none-eabi/7.3.1/thumb/v6-m\libgcc.a(mulsf3.o)
                0x080009a8                __aeabi_fmul
 .text          0x08000c0c      0x388 c:/ac6/systemworkbench/plugins/fr.ac6.mcu.externaltools.arm-none.win32_1.17.0.201812190825/tools/compiler/bin/../lib/gcc/arm-none-eabi/7.3.1/thumb/v6-m\libgcc.a(subsf3.o)
                0x08000c0c                __aeabi_fsub
 .text          0x08000f94       0x40 c:/ac6/systemworkbench/plugins/fr.ac6.mcu.externaltools.arm-none.win32_1.17.0.201812190825/tools/compiler/bin/../lib/gcc/arm-none-eabi/7.3.1/thumb/v6-m\libgcc.a(fixsfsi.o)
                0x08000f94                __aeabi_f2iz
 .text          0x08000fd4       0x94 c:/ac6/systemworkbench/plugins/fr.ac6.mcu.externaltools.arm-none.win32_1.17.0.201812190825/tools/compiler/bin/../lib/gcc/arm-none-eabi/7.3.1/thumb/v6-m\libgcc.a(floatsisf.o)
                0x08000fd4                __aeabi_i2f
 .text          0x08001068      0x604 c:/ac6/systemworkbench/plugins/fr.ac6.mcu.externaltools.arm-none.win32_1.17.0.201812190825/tools/compiler/bin/../lib/gcc/arm-none-eabi/7.3.1/thumb/v6-m\libgcc.a(divdf3.o)
                0x08001068                __aeabi_ddiv
 .text          0x0800166c      0x4e4 c:/ac6/systemworkbench/plugins/fr.ac6.mcu.externaltools.arm-none.win32_1.17.0.201812190825/tools/compiler/bin/../lib/gcc/arm-none-eabi/7.3.1/thumb/v6-m\libgcc.a(muldf3.o)
                0x0800166c                __aeabi_dmul
 .text          0x08001b50      0x690 c:/ac6/systemworkbench/plugins/fr.ac6.mcu.externaltools.arm-none.win32_1.17.0.201812190825/tools/compiler/bin/../lib/gcc/arm-none-eabi/7.3.1/thumb/v6-m\libgcc.a(subdf3.o)
                0x08001b50                __aeabi_dsub
 .text          0x080021e0       0xa4 c:/ac6/systemworkbench/plugins/fr.ac6.mcu.externaltools.arm-none.win32_1.17.0.201812190825/tools/compiler/bin/../lib/gcc/arm-none-eabi/7.3.1/thumb/v6-m\libgcc.a(extendsfdf2.o)
                0x080021e0                __aeabi_f2d
 .text          0x08002284      0x108 c:/ac6/systemworkbench/plugins/fr.ac6.mcu.externaltools.arm-none.win32_1.17.0.201812190825/tools/compiler/bin/../lib/gcc/arm-none-eabi/7.3.1/thumb/v6-m\libgcc.a(truncdfsf2.o)
                0x08002284                __aeabi_d2f
 .text          0x0800238c       0x3c c:/ac6/systemworkbench/plugins/fr.ac6.mcu.externaltools.arm-none.win32_1.17.0.201812190825/tools/compiler/bin/../lib/gcc/arm-none-eabi/7.3.1/thumb/v6-m\libgcc.a(_clzsi2.o)
                0x0800238c                __clzsi2
 .text          0x080023c8      0x1d4 c:/ac6/systemworkbench/plugins/fr.ac6.mcu.externaltools.arm-none.win32_1.17.0.201812190825/tools/compiler/bin/../lib/gcc/arm-none-eabi/7.3.1/thumb/v6-m\libgcc.a(_divsi3.o)
                0x080023c8                __divsi3
                0x080023c8                __aeabi_idiv
                0x08002594                __aeabi_idivmod
 .text          0x0800259c       0x7c c:/ac6/systemworkbench/plugins/fr.ac6.mcu.externaltools.arm-none.win32_1.17.0.201812190825/tools/compiler/bin/../lib/gcc/arm-none-eabi/7.3.1/thumb/v6-m\libgcc.a(_arm_cmpdf2.o)
                0x0800259c                __aeabi_cdrcmple
                0x080025ac                __aeabi_cdcmple
                0x080025ac                __aeabi_cdcmpeq
                0x080025bc                __aeabi_dcmpeq
                0x080025c8                __aeabi_dcmplt
                0x080025dc                __aeabi_dcmple
                0x080025f0                __aeabi_dcmpgt
                0x08002604                __aeabi_dcmpge
 .text          0x08002618       0x40 c:/ac6/systemworkbench/plugins/fr.ac6.mcu.externaltools.arm-none.win32_1.17.0.201812190825/tools/compiler/bin/../lib/gcc/arm-none-eabi/7.3.1/thumb/v6-m\libgcc.a(_aeabi_uldivmod.o)
                0x08002618                __aeabi_uldivmod
 .text          0x08002658      0x184 c:/ac6/systemworkbench/plugins/fr.ac6.mcu.externaltools.arm-none.win32_1.17.0.201812190825/tools/compiler/bin/../lib/gcc/arm-none-eabi/7.3.1/thumb/v6-m\libgcc.a(_udivmoddi4.o)
                0x08002658                __udivmoddi4
 .text          0x080027dc      0x638 c:/ac6/systemworkbench/plugins/fr.ac6.mcu.externaltools.arm-none.win32_1.17.0.201812190825/tools/compiler/bin/../lib/gcc/arm-none-eabi/7.3.1/thumb/v6-m\libgcc.a(adddf3.o)
                0x080027dc                __aeabi_dadd
 .text          0x08002e14       0x78 c:/ac6/systemworkbench/plugins/fr.ac6.mcu.externaltools.arm-none.win32_1.17.0.201812190825/tools/compiler/bin/../lib/gcc/arm-none-eabi/7.3.1/thumb/v6-m\libgcc.a(eqdf2.o)
                0x08002e14                __nedf2
                0x08002e14                __eqdf2
 .text          0x08002e8c       0xc8 c:/ac6/systemworkbench/plugins/fr.ac6.mcu.externaltools.arm-none.win32_1.17.0.201812190825/tools/compiler/bin/../lib/gcc/arm-none-eabi/7.3.1/thumb/v6-m\libgcc.a(gedf2.o)
                0x08002e8c                __gedf2
                0x08002e8c                __gtdf2
 .text          0x08002f54       0xd0 c:/ac6/systemworkbench/plugins/fr.ac6.mcu.externaltools.arm-none.win32_1.17.0.201812190825/tools/compiler/bin/../lib/gcc/arm-none-eabi/7.3.1/thumb/v6-m\libgcc.a(ledf2.o)
                0x08002f54                __ledf2
                0x08002f54                __ltdf2
 .text          0x08003024       0x38 c:/ac6/systemworkbench/plugins/fr.ac6.mcu.externaltools.arm-none.win32_1.17.0.201812190825/tools/compiler/bin/../lib/gcc/arm-none-eabi/7.3.1/thumb/v6-m\libgcc.a(unorddf2.o)
                0x08003024                __aeabi_dcmpun
 .text          0x0800305c       0x6c c:/ac6/systemworkbench/plugins/fr.ac6.mcu.externaltools.arm-none.win32_1.17.0.201812190825/tools/compiler/bin/../lib/gcc/arm-none-eabi/7.3.1/thumb/v6-m\libgcc.a(fixdfsi.o)
                0x0800305c                __aeabi_d2iz
 .text          0x080030c8       0x74 c:/ac6/systemworkbench/plugins/fr.ac6.mcu.externaltools.arm-none.win32_1.17.0.201812190825/tools/compiler/bin/../lib/gcc/arm-none-eabi/7.3.1/thumb/v6-m\libgcc.a(floatsidf.o)
                0x080030c8                __aeabi_i2d
 .text          0x0800313c       0x64 c:/ac6/systemworkbench/plugins/fr.ac6.mcu.externaltools.arm-none.win32_1.17.0.201812190825/tools/compiler/bin/../lib/gcc/arm-none-eabi/7.3.1/thumb/v6-m\libgcc.a(floatunsidf.o)
                0x0800313c                __aeabi_ui2d
 .text          0x080031a0       0x18 c:/ac6/systemworkbench/plugins/fr.ac6.mcu.externaltools.arm-none.win32_1.17.0.201812190825/tools/compiler/bin/../lib/gcc/arm-none-eabi/7.3.1/thumb/v6-m\libgcc.a(_clzdi2.o)
                0x080031a0                __clzdi2
 *(.text*)
 .text.HAL_Init
                0x080031b8       0x28 HAL_Driver/Src/stm32f0xx_hal.o
                0x080031b8                HAL_Init
 .text.HAL_InitTick
                0x080031e0       0x38 HAL_Driver/Src/stm32f0xx_hal.o
                0x080031e0                HAL_InitTick
 .text.HAL_IncTick
                0x08003218       0x18 HAL_Driver/Src/stm32f0xx_hal.o
                0x08003218                HAL_IncTick
 .text.NVIC_SetPriority
                0x08003230       0xdc HAL_Driver/Src/stm32f0xx_hal_cortex.o
 .text.SysTick_Config
                0x0800330c       0x48 HAL_Driver/Src/stm32f0xx_hal_cortex.o
 .text.HAL_NVIC_SetPriority
                0x08003354       0x2a HAL_Driver/Src/stm32f0xx_hal_cortex.o
                0x08003354                HAL_NVIC_SetPriority
 .text.HAL_SYSTICK_Config
                0x0800337e       0x1a HAL_Driver/Src/stm32f0xx_hal_cortex.o
                0x0800337e                HAL_SYSTICK_Config
 .text.HAL_SYSTICK_IRQHandler
                0x08003398        0xe HAL_Driver/Src/stm32f0xx_hal_cortex.o
                0x08003398                HAL_SYSTICK_IRQHandler
 .text.HAL_SYSTICK_Callback
                0x080033a6        0xa HAL_Driver/Src/stm32f0xx_hal_cortex.o
                0x080033a6                HAL_SYSTICK_Callback
 .text.HAL_DMA_Abort_IT
                0x080033b0       0x8c HAL_Driver/Src/stm32f0xx_hal_dma.o
                0x080033b0                HAL_DMA_Abort_IT
 .text.HAL_MspInit
                0x0800343c        0xa HAL_Driver/Src/stm32f0xx_hal_msp_template.o
                0x0800343c                HAL_MspInit
 *fill*         0x08003446        0x2 
 .text.HAL_RCC_GetHCLKFreq
                0x08003448       0x14 HAL_Driver/Src/stm32f0xx_hal_rcc.o
                0x08003448                HAL_RCC_GetHCLKFreq
 .text.HAL_UART_Transmit_IT
                0x0800345c       0xb0 HAL_Driver/Src/stm32f0xx_hal_uart.o
                0x0800345c                HAL_UART_Transmit_IT
 .text.HAL_UART_Receive_IT
                0x0800350c      0x13c HAL_Driver/Src/stm32f0xx_hal_uart.o
                0x0800350c                HAL_UART_Receive_IT
 .text.HAL_UART_IRQHandler
                0x08003648      0x22c HAL_Driver/Src/stm32f0xx_hal_uart.o
                0x08003648                HAL_UART_IRQHandler
 .text.HAL_UART_ErrorCallback
                0x08003874       0x10 HAL_Driver/Src/stm32f0xx_hal_uart.o
                0x08003874                HAL_UART_ErrorCallback
 .text.UART_EndRxTransfer
                0x08003884       0x3c HAL_Driver/Src/stm32f0xx_hal_uart.o
 .text.UART_DMAAbortOnError
                0x080038c0       0x2e HAL_Driver/Src/stm32f0xx_hal_uart.o
 .text.UART_Transmit_IT
                0x080038ee       0xae HAL_Driver/Src/stm32f0xx_hal_uart.o
                0x080038ee                UART_Transmit_IT
 .text.UART_EndTransmit_IT
                0x0800399c       0x32 HAL_Driver/Src/stm32f0xx_hal_uart.o
                0x0800399c                UART_EndTransmit_IT
 *fill*         0x080039ce        0x2 
 .text.UART_Receive_IT
                0x080039d0       0xf8 HAL_Driver/Src/stm32f0xx_hal_uart.o
                0x080039d0                UART_Receive_IT
 .text.HAL_UARTEx_WakeupCallback
                0x08003ac8       0x10 HAL_Driver/Src/stm32f0xx_hal_uart_ex.o
                0x08003ac8                HAL_UARTEx_WakeupCallback
 .text.nano_wait
                0x08003ad8       0x18 src/main.o
                0x08003ad8                nano_wait
 .text.init_spi2
                0x08003af0       0xc4 src/main.o
                0x08003af0                init_spi2
 .text.spi2_cmd
                0x08003bb4       0x44 src/main.o
                0x08003bb4                spi2_cmd
 .text.spi_data
                0x08003bf8       0x1e src/main.o
                0x08003bf8                spi_data
 *fill*         0x08003c16        0x2 
 .text.spi2_init_oled
                0x08003c18       0x48 src/main.o
                0x08003c18                spi2_init_oled
 .text.spi2_display1
                0x08003c60       0x30 src/main.o
                0x08003c60                spi2_display1
 .text.spi2_display2
                0x08003c90       0x30 src/main.o
                0x08003c90                spi2_display2
 .text.TIM6_DAC_IRQHandler
                0x08003cc0      0x1e8 src/main.o
                0x08003cc0                TIM6_DAC_IRQHandler
 .text.TIM2_IRQHandler
                0x08003ea8       0xd0 src/main.o
                0x08003ea8                TIM2_IRQHandler
 .text.TIM3_IRQHandler
                0x08003f78       0xd4 src/main.o
                0x08003f78                TIM3_IRQHandler
 .text.TIM14_IRQHandler
                0x0800404c       0xd4 src/main.o
                0x0800404c                TIM14_IRQHandler
 .text.get_liquid_vol
                0x08004120      0x138 src/main.o
                0x08004120                get_liquid_vol
 .text.get_turbidity
                0x08004258       0x80 src/main.o
                0x08004258                get_turbidity
 .text.get_battery_percentage
                0x080042d8       0x7c src/main.o
                0x080042d8                get_battery_percentage
 .text.EXTI4_15_IRQHandler
                0x08004354       0x38 src/main.o
                0x08004354                EXTI4_15_IRQHandler
 .text.HAL_UART_TxCpltCallback
                0x0800438c       0x30 src/main.o
                0x0800438c                HAL_UART_TxCpltCallback
 .text.HAL_UART_RxCpltCallback
                0x080043bc       0x78 src/main.o
                0x080043bc                HAL_UART_RxCpltCallback
 .text.time_w0  0x08004434       0x54 src/main.o
                0x08004434                time_w0
 .text.write_byte
                0x08004488       0x6c src/main.o
                0x08004488                write_byte
 .text.read_bit_tmp
                0x080044f4       0x50 src/main.o
                0x080044f4                read_bit_tmp
 .text.read_byte_tmp
                0x08004544       0x44 src/main.o
                0x08004544                read_byte_tmp
 .text.temp_talk_start
                0x08004588       0x5c src/main.o
                0x08004588                temp_talk_start
 .text.temp_init
                0x080045e4      0x124 src/main.o
                0x080045e4                temp_init
 .text.get_temp
                0x08004708       0xc4 src/main.o
                0x08004708                get_temp
 .text.main     0x080047cc       0x24 src/main.o
                0x080047cc                main
 .text.SysTick_Handler
                0x080047f0       0x12 src/stm32f0xx_it.o
                0x080047f0                SysTick_Handler
 *fill*         0x08004802        0x2 
 .text.USART3_4_5_6_7_8_IRQHandler
                0x08004804       0x18 src/stm32f0xx_it.o
                0x08004804                USART3_4_5_6_7_8_IRQHandler
 .text._sbrk    0x0800481c       0x58 src/syscalls.o
                0x0800481c                _sbrk
 .text.SystemInit
                0x08004874       0x88 src/system_stm32f0xx.o
                0x08004874                SystemInit
 .text.Reset_Handler
                0x080048fc       0x50 startup/startup_stm32.o
                0x080048fc                Reset_Handler
 .text.Default_Handler
                0x0800494c        0x2 startup/startup_stm32.o
                0x0800494c                DMA1_CH4_5_6_7_DMA2_CH3_4_5_IRQHandler
                0x0800494c                TIM1_CC_IRQHandler
                0x0800494c                TSC_IRQHandler
                0x0800494c                HardFault_Handler
                0x0800494c                PVD_IRQHandler
                0x0800494c                PendSV_Handler
                0x0800494c                NMI_Handler
                0x0800494c                I2C1_IRQHandler
                0x0800494c                RCC_CRS_IRQHandler
                0x0800494c                SPI1_IRQHandler
                0x0800494c                EXTI2_3_IRQHandler
                0x0800494c                I2C2_IRQHandler
                0x0800494c                TIM17_IRQHandler
                0x0800494c                CEC_CAN_IRQHandler
                0x0800494c                RTC_IRQHandler
                0x0800494c                TIM16_IRQHandler
                0x0800494c                Default_Handler
                0x0800494c                DMA1_CH2_3_DMA2_CH1_2_IRQHandler
                0x0800494c                TIM7_IRQHandler
                0x0800494c                TIM15_IRQHandler
                0x0800494c                EXTI0_1_IRQHandler
                0x0800494c                USB_IRQHandler
                0x0800494c                SPI2_IRQHandler
                0x0800494c                DMA1_CH1_IRQHandler
                0x0800494c                SVC_Handler
                0x0800494c                WWDG_IRQHandler
                0x0800494c                ADC_COMP_IRQHandler
                0x0800494c                USART2_IRQHandler
                0x0800494c                FLASH_IRQHandler
                0x0800494c                USART1_IRQHandler
                0x0800494c                TIM1_BRK_UP_TRG_COM_IRQHandler
 *fill*         0x0800494e        0x2 
 .text.__errno  0x08004950        0xc c:/ac6/systemworkbench/plugins/fr.ac6.mcu.externaltools.arm-none.win32_1.17.0.201812190825/tools/compiler/bin/../lib/gcc/arm-none-eabi/7.3.1/../../../../arm-none-eabi/lib/thumb/v6-m\libc.a(lib_a-errno.o)
                0x08004950                __errno
 .text.__libc_init_array
                0x0800495c       0x48 c:/ac6/systemworkbench/plugins/fr.ac6.mcu.externaltools.arm-none.win32_1.17.0.201812190825/tools/compiler/bin/../lib/gcc/arm-none-eabi/7.3.1/../../../../arm-none-eabi/lib/thumb/v6-m\libc.a(lib_a-init.o)
                0x0800495c                __libc_init_array
 .text.memcpy   0x080049a4       0x88 c:/ac6/systemworkbench/plugins/fr.ac6.mcu.externaltools.arm-none.win32_1.17.0.201812190825/tools/compiler/bin/../lib/gcc/arm-none-eabi/7.3.1/../../../../arm-none-eabi/lib/thumb/v6-m\libc.a(lib_a-memcpy-stub.o)
                0x080049a4                memcpy
 .text.memset   0x08004a2c       0x9c c:/ac6/systemworkbench/plugins/fr.ac6.mcu.externaltools.arm-none.win32_1.17.0.201812190825/tools/compiler/bin/../lib/gcc/arm-none-eabi/7.3.1/../../../../arm-none-eabi/lib/thumb/v6-m\libc.a(lib_a-memset.o)
                0x08004a2c                memset
 .text.sprintf  0x08004ac8       0x40 c:/ac6/systemworkbench/plugins/fr.ac6.mcu.externaltools.arm-none.win32_1.17.0.201812190825/tools/compiler/bin/../lib/gcc/arm-none-eabi/7.3.1/../../../../arm-none-eabi/lib/thumb/v6-m\libc.a(lib_a-sprintf.o)
                0x08004ac8                sprintf
 .text.strlen   0x08004b08       0x64 c:/ac6/systemworkbench/plugins/fr.ac6.mcu.externaltools.arm-none.win32_1.17.0.201812190825/tools/compiler/bin/../lib/gcc/arm-none-eabi/7.3.1/../../../../arm-none-eabi/lib/thumb/v6-m\libc.a(lib_a-strlen-stub.o)
                0x08004b08                strlen
 .text._svfprintf_r
                0x08004b6c     0x1b6c c:/ac6/systemworkbench/plugins/fr.ac6.mcu.externaltools.arm-none.win32_1.17.0.201812190825/tools/compiler/bin/../lib/gcc/arm-none-eabi/7.3.1/../../../../arm-none-eabi/lib/thumb/v6-m\libc.a(lib_a-svfprintf.o)
                0x08004b6c                _svfprintf_r
 .text.startup.register_fini
                0x080066d8       0x18 c:/ac6/systemworkbench/plugins/fr.ac6.mcu.externaltools.arm-none.win32_1.17.0.201812190825/tools/compiler/bin/../lib/gcc/arm-none-eabi/7.3.1/../../../../arm-none-eabi/lib/thumb/v6-m\libc.a(lib_a-__call_atexit.o)
 .text.atexit   0x080066f0       0x10 c:/ac6/systemworkbench/plugins/fr.ac6.mcu.externaltools.arm-none.win32_1.17.0.201812190825/tools/compiler/bin/../lib/gcc/arm-none-eabi/7.3.1/../../../../arm-none-eabi/lib/thumb/v6-m\libc.a(lib_a-atexit.o)
                0x080066f0                atexit
 .text.quorem   0x08006700      0x154 c:/ac6/systemworkbench/plugins/fr.ac6.mcu.externaltools.arm-none.win32_1.17.0.201812190825/tools/compiler/bin/../lib/gcc/arm-none-eabi/7.3.1/../../../../arm-none-eabi/lib/thumb/v6-m\libc.a(lib_a-dtoa.o)
 .text._dtoa_r  0x08006854      0xf4c c:/ac6/systemworkbench/plugins/fr.ac6.mcu.externaltools.arm-none.win32_1.17.0.201812190825/tools/compiler/bin/../lib/gcc/arm-none-eabi/7.3.1/../../../../arm-none-eabi/lib/thumb/v6-m\libc.a(lib_a-dtoa.o)
                0x08006854                _dtoa_r
 .text.__libc_fini_array
                0x080077a0       0x34 c:/ac6/systemworkbench/plugins/fr.ac6.mcu.externaltools.arm-none.win32_1.17.0.201812190825/tools/compiler/bin/../lib/gcc/arm-none-eabi/7.3.1/../../../../arm-none-eabi/lib/thumb/v6-m\libc.a(lib_a-fini.o)
                0x080077a0                __libc_fini_array
 .text._malloc_trim_r
                0x080077d4       0xa0 c:/ac6/systemworkbench/plugins/fr.ac6.mcu.externaltools.arm-none.win32_1.17.0.201812190825/tools/compiler/bin/../lib/gcc/arm-none-eabi/7.3.1/../../../../arm-none-eabi/lib/thumb/v6-m\libc.a(lib_a-freer.o)
                0x080077d4                _malloc_trim_r
 .text._free_r  0x08007874      0x1d4 c:/ac6/systemworkbench/plugins/fr.ac6.mcu.externaltools.arm-none.win32_1.17.0.201812190825/tools/compiler/bin/../lib/gcc/arm-none-eabi/7.3.1/../../../../arm-none-eabi/lib/thumb/v6-m\libc.a(lib_a-freer.o)
                0x08007874                _free_r
 .text._localeconv_r
                0x08007a48       0x18 c:/ac6/systemworkbench/plugins/fr.ac6.mcu.externaltools.arm-none.win32_1.17.0.201812190825/tools/compiler/bin/../lib/gcc/arm-none-eabi/7.3.1/../../../../arm-none-eabi/lib/thumb/v6-m\libc.a(lib_a-localeconv.o)
                0x08007a48                _localeconv_r
 .text.__retarget_lock_acquire_recursive
                0x08007a60        0x4 c:/ac6/systemworkbench/plugins/fr.ac6.mcu.externaltools.arm-none.win32_1.17.0.201812190825/tools/compiler/bin/../lib/gcc/arm-none-eabi/7.3.1/../../../../arm-none-eabi/lib/thumb/v6-m\libc.a(lib_a-lock.o)
                0x08007a60                __retarget_lock_acquire_recursive
 .text.__retarget_lock_release_recursive
                0x08007a64        0x4 c:/ac6/systemworkbench/plugins/fr.ac6.mcu.externaltools.arm-none.win32_1.17.0.201812190825/tools/compiler/bin/../lib/gcc/arm-none-eabi/7.3.1/../../../../arm-none-eabi/lib/thumb/v6-m\libc.a(lib_a-lock.o)
                0x08007a64                __retarget_lock_release_recursive
 .text._malloc_r
                0x08007a68      0x554 c:/ac6/systemworkbench/plugins/fr.ac6.mcu.externaltools.arm-none.win32_1.17.0.201812190825/tools/compiler/bin/../lib/gcc/arm-none-eabi/7.3.1/../../../../arm-none-eabi/lib/thumb/v6-m\libc.a(lib_a-mallocr.o)
                0x08007a68                _malloc_r
 .text.memchr   0x08007fbc       0x80 c:/ac6/systemworkbench/plugins/fr.ac6.mcu.externaltools.arm-none.win32_1.17.0.201812190825/tools/compiler/bin/../lib/gcc/arm-none-eabi/7.3.1/../../../../arm-none-eabi/lib/thumb/v6-m\libc.a(lib_a-memchr-stub.o)
                0x08007fbc                memchr
 .text.__malloc_lock
                0x0800803c       0x10 c:/ac6/systemworkbench/plugins/fr.ac6.mcu.externaltools.arm-none.win32_1.17.0.201812190825/tools/compiler/bin/../lib/gcc/arm-none-eabi/7.3.1/../../../../arm-none-eabi/lib/thumb/v6-m\libc.a(lib_a-mlock.o)
                0x0800803c                __malloc_lock
 .text.__malloc_unlock
                0x0800804c       0x10 c:/ac6/systemworkbench/plugins/fr.ac6.mcu.externaltools.arm-none.win32_1.17.0.201812190825/tools/compiler/bin/../lib/gcc/arm-none-eabi/7.3.1/../../../../arm-none-eabi/lib/thumb/v6-m\libc.a(lib_a-mlock.o)
                0x0800804c                __malloc_unlock
 .text._Balloc  0x0800805c       0x50 c:/ac6/systemworkbench/plugins/fr.ac6.mcu.externaltools.arm-none.win32_1.17.0.201812190825/tools/compiler/bin/../lib/gcc/arm-none-eabi/7.3.1/../../../../arm-none-eabi/lib/thumb/v6-m\libc.a(lib_a-mprec.o)
                0x0800805c                _Balloc
 .text._Bfree   0x080080ac       0x14 c:/ac6/systemworkbench/plugins/fr.ac6.mcu.externaltools.arm-none.win32_1.17.0.201812190825/tools/compiler/bin/../lib/gcc/arm-none-eabi/7.3.1/../../../../arm-none-eabi/lib/thumb/v6-m\libc.a(lib_a-mprec.o)
                0x080080ac                _Bfree
 .text.__multadd
                0x080080c0       0x8c c:/ac6/systemworkbench/plugins/fr.ac6.mcu.externaltools.arm-none.win32_1.17.0.201812190825/tools/compiler/bin/../lib/gcc/arm-none-eabi/7.3.1/../../../../arm-none-eabi/lib/thumb/v6-m\libc.a(lib_a-mprec.o)
                0x080080c0                __multadd
 .text.__hi0bits
                0x0800814c       0x38 c:/ac6/systemworkbench/plugins/fr.ac6.mcu.externaltools.arm-none.win32_1.17.0.201812190825/tools/compiler/bin/../lib/gcc/arm-none-eabi/7.3.1/../../../../arm-none-eabi/lib/thumb/v6-m\libc.a(lib_a-mprec.o)
                0x0800814c                __hi0bits
 .text.__lo0bits
                0x08008184       0x5c c:/ac6/systemworkbench/plugins/fr.ac6.mcu.externaltools.arm-none.win32_1.17.0.201812190825/tools/compiler/bin/../lib/gcc/arm-none-eabi/7.3.1/../../../../arm-none-eabi/lib/thumb/v6-m\libc.a(lib_a-mprec.o)
                0x08008184                __lo0bits
 .text.__i2b    0x080081e0       0x14 c:/ac6/systemworkbench/plugins/fr.ac6.mcu.externaltools.arm-none.win32_1.17.0.201812190825/tools/compiler/bin/../lib/gcc/arm-none-eabi/7.3.1/../../../../arm-none-eabi/lib/thumb/v6-m\libc.a(lib_a-mprec.o)
                0x080081e0                __i2b
 .text.__multiply
                0x080081f4      0x178 c:/ac6/systemworkbench/plugins/fr.ac6.mcu.externaltools.arm-none.win32_1.17.0.201812190825/tools/compiler/bin/../lib/gcc/arm-none-eabi/7.3.1/../../../../arm-none-eabi/lib/thumb/v6-m\libc.a(lib_a-mprec.o)
                0x080081f4                __multiply
 .text.__pow5mult
                0x0800836c       0xc0 c:/ac6/systemworkbench/plugins/fr.ac6.mcu.externaltools.arm-none.win32_1.17.0.201812190825/tools/compiler/bin/../lib/gcc/arm-none-eabi/7.3.1/../../../../arm-none-eabi/lib/thumb/v6-m\libc.a(lib_a-mprec.o)
                0x0800836c                __pow5mult
 .text.__lshift
                0x0800842c       0xc8 c:/ac6/systemworkbench/plugins/fr.ac6.mcu.externaltools.arm-none.win32_1.17.0.201812190825/tools/compiler/bin/../lib/gcc/arm-none-eabi/7.3.1/../../../../arm-none-eabi/lib/thumb/v6-m\libc.a(lib_a-mprec.o)
                0x0800842c                __lshift
 .text.__mcmp   0x080084f4       0x34 c:/ac6/systemworkbench/plugins/fr.ac6.mcu.externaltools.arm-none.win32_1.17.0.201812190825/tools/compiler/bin/../lib/gcc/arm-none-eabi/7.3.1/../../../../arm-none-eabi/lib/thumb/v6-m\libc.a(lib_a-mprec.o)
                0x080084f4                __mcmp
 .text.__mdiff  0x08008528      0x124 c:/ac6/systemworkbench/plugins/fr.ac6.mcu.externaltools.arm-none.win32_1.17.0.201812190825/tools/compiler/bin/../lib/gcc/arm-none-eabi/7.3.1/../../../../arm-none-eabi/lib/thumb/v6-m\libc.a(lib_a-mprec.o)
                0x08008528                __mdiff
 .text.__d2b    0x0800864c       0xbc c:/ac6/systemworkbench/plugins/fr.ac6.mcu.externaltools.arm-none.win32_1.17.0.201812190825/tools/compiler/bin/../lib/gcc/arm-none-eabi/7.3.1/../../../../arm-none-eabi/lib/thumb/v6-m\libc.a(lib_a-mprec.o)
                0x0800864c                __d2b
 .text.frexp    0x08008708       0x64 c:/ac6/systemworkbench/plugins/fr.ac6.mcu.externaltools.arm-none.win32_1.17.0.201812190825/tools/compiler/bin/../lib/gcc/arm-none-eabi/7.3.1/../../../../arm-none-eabi/lib/thumb/v6-m\libc.a(lib_a-s_frexp.o)
                0x08008708                frexp
 .text._sbrk_r  0x0800876c       0x24 c:/ac6/systemworkbench/plugins/fr.ac6.mcu.externaltools.arm-none.win32_1.17.0.201812190825/tools/compiler/bin/../lib/gcc/arm-none-eabi/7.3.1/../../../../arm-none-eabi/lib/thumb/v6-m\libc.a(lib_a-sbrkr.o)
                0x0800876c                _sbrk_r
 .text.strncpy  0x08008790       0x8c c:/ac6/systemworkbench/plugins/fr.ac6.mcu.externaltools.arm-none.win32_1.17.0.201812190825/tools/compiler/bin/../lib/gcc/arm-none-eabi/7.3.1/../../../../arm-none-eabi/lib/thumb/v6-m\libc.a(lib_a-strncpy.o)
                0x08008790                strncpy
 .text.__ssprint_r
                0x0800881c      0x118 c:/ac6/systemworkbench/plugins/fr.ac6.mcu.externaltools.arm-none.win32_1.17.0.201812190825/tools/compiler/bin/../lib/gcc/arm-none-eabi/7.3.1/../../../../arm-none-eabi/lib/thumb/v6-m\libc.a(lib_a-svfiprintf.o)
                0x0800881c                __ssprint_r
 .text.__register_exitproc
                0x08008934       0xf4 c:/ac6/systemworkbench/plugins/fr.ac6.mcu.externaltools.arm-none.win32_1.17.0.201812190825/tools/compiler/bin/../lib/gcc/arm-none-eabi/7.3.1/../../../../arm-none-eabi/lib/thumb/v6-m\libc.a(lib_a-__atexit.o)
                0x08008934                __register_exitproc
 .text._calloc_r
                0x08008a28       0x58 c:/ac6/systemworkbench/plugins/fr.ac6.mcu.externaltools.arm-none.win32_1.17.0.201812190825/tools/compiler/bin/../lib/gcc/arm-none-eabi/7.3.1/../../../../arm-none-eabi/lib/thumb/v6-m\libc.a(lib_a-callocr.o)
                0x08008a28                _calloc_r
 .text.__ascii_mbtowc
                0x08008a80       0x2c c:/ac6/systemworkbench/plugins/fr.ac6.mcu.externaltools.arm-none.win32_1.17.0.201812190825/tools/compiler/bin/../lib/gcc/arm-none-eabi/7.3.1/../../../../arm-none-eabi/lib/thumb/v6-m\libc.a(lib_a-mbtowc_r.o)
                0x08008a80                __ascii_mbtowc
 .text.memmove  0x08008aac       0x9c c:/ac6/systemworkbench/plugins/fr.ac6.mcu.externaltools.arm-none.win32_1.17.0.201812190825/tools/compiler/bin/../lib/gcc/arm-none-eabi/7.3.1/../../../../arm-none-eabi/lib/thumb/v6-m\libc.a(lib_a-memmove.o)
                0x08008aac                memmove
 .text._realloc_r
                0x08008b48      0x3b0 c:/ac6/systemworkbench/plugins/fr.ac6.mcu.externaltools.arm-none.win32_1.17.0.201812190825/tools/compiler/bin/../lib/gcc/arm-none-eabi/7.3.1/../../../../arm-none-eabi/lib/thumb/v6-m\libc.a(lib_a-reallocr.o)
                0x08008b48                _realloc_r
 .text.__ascii_wctomb
                0x08008ef8       0x1c c:/ac6/systemworkbench/plugins/fr.ac6.mcu.externaltools.arm-none.win32_1.17.0.201812190825/tools/compiler/bin/../lib/gcc/arm-none-eabi/7.3.1/../../../../arm-none-eabi/lib/thumb/v6-m\libc.a(lib_a-wctomb_r.o)
                0x08008ef8                __ascii_wctomb
 *(.glue_7)
 .glue_7        0x08008f14        0x0 linker stubs
 *(.glue_7t)
 .glue_7t       0x08008f14        0x0 linker stubs
 *(.eh_frame)
 .eh_frame      0x08008f14        0x0 c:/ac6/systemworkbench/plugins/fr.ac6.mcu.externaltools.arm-none.win32_1.17.0.201812190825/tools/compiler/bin/../lib/gcc/arm-none-eabi/7.3.1/thumb/v6-m/crtbegin.o
 *(.init)
 .init          0x08008f14        0x4 c:/ac6/systemworkbench/plugins/fr.ac6.mcu.externaltools.arm-none.win32_1.17.0.201812190825/tools/compiler/bin/../lib/gcc/arm-none-eabi/7.3.1/thumb/v6-m/crti.o
                0x08008f14                _init
 .init          0x08008f18        0x8 c:/ac6/systemworkbench/plugins/fr.ac6.mcu.externaltools.arm-none.win32_1.17.0.201812190825/tools/compiler/bin/../lib/gcc/arm-none-eabi/7.3.1/thumb/v6-m/crtn.o
 *(.fini)
 .fini          0x08008f20        0x4 c:/ac6/systemworkbench/plugins/fr.ac6.mcu.externaltools.arm-none.win32_1.17.0.201812190825/tools/compiler/bin/../lib/gcc/arm-none-eabi/7.3.1/thumb/v6-m/crti.o
                0x08008f20                _fini
 .fini          0x08008f24        0x8 c:/ac6/systemworkbench/plugins/fr.ac6.mcu.externaltools.arm-none.win32_1.17.0.201812190825/tools/compiler/bin/../lib/gcc/arm-none-eabi/7.3.1/thumb/v6-m/crtn.o
                0x08008f2c                . = ALIGN (0x4)
                0x08008f2c                _etext = .

.vfp11_veneer   0x08008f2c        0x0
 .vfp11_veneer  0x08008f2c        0x0 linker stubs

.v4_bx          0x08008f2c        0x0
 .v4_bx         0x08008f2c        0x0 linker stubs

.iplt           0x08008f2c        0x0
 .iplt          0x08008f2c        0x0 c:/ac6/systemworkbench/plugins/fr.ac6.mcu.externaltools.arm-none.win32_1.17.0.201812190825/tools/compiler/bin/../lib/gcc/arm-none-eabi/7.3.1/thumb/v6-m/crtbegin.o

.rodata         0x08008f30      0x628
                0x08008f30                . = ALIGN (0x4)
 *(.rodata)
 .rodata        0x08008f30       0xf3 src/main.o
 *fill*         0x08009023        0x1 
 .rodata        0x08009024       0x80 c:/ac6/systemworkbench/plugins/fr.ac6.mcu.externaltools.arm-none.win32_1.17.0.201812190825/tools/compiler/bin/../lib/gcc/arm-none-eabi/7.3.1/thumb/v6-m\libgcc.a(divsf3.o)
 .rodata        0x080090a4       0x40 c:/ac6/systemworkbench/plugins/fr.ac6.mcu.externaltools.arm-none.win32_1.17.0.201812190825/tools/compiler/bin/../lib/gcc/arm-none-eabi/7.3.1/thumb/v6-m\libgcc.a(mulsf3.o)
 .rodata        0x080090e4       0x40 c:/ac6/systemworkbench/plugins/fr.ac6.mcu.externaltools.arm-none.win32_1.17.0.201812190825/tools/compiler/bin/../lib/gcc/arm-none-eabi/7.3.1/thumb/v6-m\libgcc.a(divdf3.o)
 .rodata        0x08009124       0x40 c:/ac6/systemworkbench/plugins/fr.ac6.mcu.externaltools.arm-none.win32_1.17.0.201812190825/tools/compiler/bin/../lib/gcc/arm-none-eabi/7.3.1/thumb/v6-m\libgcc.a(muldf3.o)
 *(.rodata*)
 .rodata._global_impure_ptr
                0x08009164        0x4 c:/ac6/systemworkbench/plugins/fr.ac6.mcu.externaltools.arm-none.win32_1.17.0.201812190825/tools/compiler/bin/../lib/gcc/arm-none-eabi/7.3.1/../../../../arm-none-eabi/lib/thumb/v6-m\libc.a(lib_a-impure.o)
                0x08009164                _global_impure_ptr
 .rodata._svfprintf_r
                0x08009168      0x16c c:/ac6/systemworkbench/plugins/fr.ac6.mcu.externaltools.arm-none.win32_1.17.0.201812190825/tools/compiler/bin/../lib/gcc/arm-none-eabi/7.3.1/../../../../arm-none-eabi/lib/thumb/v6-m\libc.a(lib_a-svfprintf.o)
 .rodata._svfprintf_r.str1.4
                0x080092d4       0x42 c:/ac6/systemworkbench/plugins/fr.ac6.mcu.externaltools.arm-none.win32_1.17.0.201812190825/tools/compiler/bin/../lib/gcc/arm-none-eabi/7.3.1/../../../../arm-none-eabi/lib/thumb/v6-m\libc.a(lib_a-svfprintf.o)
 *fill*         0x08009316        0x2 
 .rodata.blanks.7315
                0x08009318       0x10 c:/ac6/systemworkbench/plugins/fr.ac6.mcu.externaltools.arm-none.win32_1.17.0.201812190825/tools/compiler/bin/../lib/gcc/arm-none-eabi/7.3.1/../../../../arm-none-eabi/lib/thumb/v6-m\libc.a(lib_a-svfprintf.o)
 .rodata.zeroes.7316
                0x08009328       0x10 c:/ac6/systemworkbench/plugins/fr.ac6.mcu.externaltools.arm-none.win32_1.17.0.201812190825/tools/compiler/bin/../lib/gcc/arm-none-eabi/7.3.1/../../../../arm-none-eabi/lib/thumb/v6-m\libc.a(lib_a-svfprintf.o)
 .rodata._dtoa_r.str1.4
                0x08009338       0x10 c:/ac6/systemworkbench/plugins/fr.ac6.mcu.externaltools.arm-none.win32_1.17.0.201812190825/tools/compiler/bin/../lib/gcc/arm-none-eabi/7.3.1/../../../../arm-none-eabi/lib/thumb/v6-m\libc.a(lib_a-dtoa.o)
                                 0x12 (size before relaxing)
 .rodata.__mprec_bigtens
                0x08009348       0x28 c:/ac6/systemworkbench/plugins/fr.ac6.mcu.externaltools.arm-none.win32_1.17.0.201812190825/tools/compiler/bin/../lib/gcc/arm-none-eabi/7.3.1/../../../../arm-none-eabi/lib/thumb/v6-m\libc.a(lib_a-mprec.o)
                0x08009348                __mprec_bigtens
 .rodata.__mprec_tens
                0x08009370       0xc8 c:/ac6/systemworkbench/plugins/fr.ac6.mcu.externaltools.arm-none.win32_1.17.0.201812190825/tools/compiler/bin/../lib/gcc/arm-none-eabi/7.3.1/../../../../arm-none-eabi/lib/thumb/v6-m\libc.a(lib_a-mprec.o)
                0x08009370                __mprec_tens
 .rodata.p05.6092
                0x08009438        0xc c:/ac6/systemworkbench/plugins/fr.ac6.mcu.externaltools.arm-none.win32_1.17.0.201812190825/tools/compiler/bin/../lib/gcc/arm-none-eabi/7.3.1/../../../../arm-none-eabi/lib/thumb/v6-m\libc.a(lib_a-mprec.o)
 .rodata._setlocale_r.str1.4
                0x08009444        0xa c:/ac6/systemworkbench/plugins/fr.ac6.mcu.externaltools.arm-none.win32_1.17.0.201812190825/tools/compiler/bin/../lib/gcc/arm-none-eabi/7.3.1/../../../../arm-none-eabi/lib/thumb/v6-m\libc.a(lib_a-locale.o)
                                  0xd (size before relaxing)
 *fill*         0x0800944e        0x2 
 .rodata.str1.4
                0x08009450        0x4 c:/ac6/systemworkbench/plugins/fr.ac6.mcu.externaltools.arm-none.win32_1.17.0.201812190825/tools/compiler/bin/../lib/gcc/arm-none-eabi/7.3.1/../../../../arm-none-eabi/lib/thumb/v6-m\libc.a(lib_a-locale.o)
                                  0x2 (size before relaxing)
 .rodata._ctype_
                0x08009454      0x101 c:/ac6/systemworkbench/plugins/fr.ac6.mcu.externaltools.arm-none.win32_1.17.0.201812190825/tools/compiler/bin/../lib/gcc/arm-none-eabi/7.3.1/../../../../arm-none-eabi/lib/thumb/v6-m\libc.a(lib_a-ctype_.o)
                0x08009454                _ctype_
                0x08009558                . = ALIGN (0x4)
 *fill*         0x08009555        0x3 

.ARM.extab      0x08009558        0x0
                0x08009558                . = ALIGN (0x4)
 *(.ARM.extab* .gnu.linkonce.armextab.*)
                0x08009558                . = ALIGN (0x4)

.ARM            0x08009558        0x8
                0x08009558                . = ALIGN (0x4)
                0x08009558                __exidx_start = .
 *(.ARM.exidx*)
 .ARM.exidx     0x08009558        0x8 c:/ac6/systemworkbench/plugins/fr.ac6.mcu.externaltools.arm-none.win32_1.17.0.201812190825/tools/compiler/bin/../lib/gcc/arm-none-eabi/7.3.1/thumb/v6-m\libgcc.a(_udivmoddi4.o)
                0x08009560                __exidx_end = .
                0x08009560                . = ALIGN (0x4)

.rel.dyn        0x08009560        0x0
 .rel.iplt      0x08009560        0x0 c:/ac6/systemworkbench/plugins/fr.ac6.mcu.externaltools.arm-none.win32_1.17.0.201812190825/tools/compiler/bin/../lib/gcc/arm-none-eabi/7.3.1/thumb/v6-m/crtbegin.o

.preinit_array  0x08009560        0x0
                0x08009560                . = ALIGN (0x4)
                0x08009560                PROVIDE (__preinit_array_start = .)
 *(.preinit_array*)
                0x08009560                PROVIDE (__preinit_array_end = .)
                0x08009560                . = ALIGN (0x4)

.init_array     0x08009560        0x8
                0x08009560                . = ALIGN (0x4)
                0x08009560                PROVIDE (__init_array_start = .)
 *(SORT_BY_NAME(.init_array.*))
 .init_array.00000
                0x08009560        0x4 c:/ac6/systemworkbench/plugins/fr.ac6.mcu.externaltools.arm-none.win32_1.17.0.201812190825/tools/compiler/bin/../lib/gcc/arm-none-eabi/7.3.1/../../../../arm-none-eabi/lib/thumb/v6-m\libc.a(lib_a-__call_atexit.o)
 *(.init_array*)
 .init_array    0x08009564        0x4 c:/ac6/systemworkbench/plugins/fr.ac6.mcu.externaltools.arm-none.win32_1.17.0.201812190825/tools/compiler/bin/../lib/gcc/arm-none-eabi/7.3.1/thumb/v6-m/crtbegin.o
                0x08009568                PROVIDE (__init_array_end = .)
                0x08009568                . = ALIGN (0x4)

.fini_array     0x08009568        0x4
                0x08009568                . = ALIGN (0x4)
                0x08009568                PROVIDE (__fini_array_start = .)
 *(SORT_BY_NAME(.fini_array.*))
 *(.fini_array*)
 .fini_array    0x08009568        0x4 c:/ac6/systemworkbench/plugins/fr.ac6.mcu.externaltools.arm-none.win32_1.17.0.201812190825/tools/compiler/bin/../lib/gcc/arm-none-eabi/7.3.1/thumb/v6-m/crtbegin.o
                0x0800956c                PROVIDE (__fini_array_end = .)
                0x0800956c                . = ALIGN (0x4)
                0x0800956c                _sidata = LOADADDR (.data)

.data           0x20000000      0x9c8 load address 0x0800956c
                0x20000000                . = ALIGN (0x4)
                0x20000000                _sdata = .
 *(.data)
 .data          0x20000000       0x17 src/main.o
                0x20000000                TX_BUFFER5
                0x20000008                TX_BUFFER3
                0x20000010                TX_BUFFER4
 *fill*         0x20000017        0x1 
 .data          0x20000018        0x4 src/system_stm32f0xx.o
                0x20000018                SystemCoreClock
 *(.data*)
 .data._impure_ptr
                0x2000001c        0x4 c:/ac6/systemworkbench/plugins/fr.ac6.mcu.externaltools.arm-none.win32_1.17.0.201812190825/tools/compiler/bin/../lib/gcc/arm-none-eabi/7.3.1/../../../../arm-none-eabi/lib/thumb/v6-m\libc.a(lib_a-impure.o)
                0x2000001c                _impure_ptr
 .data.impure_data
                0x20000020      0x428 c:/ac6/systemworkbench/plugins/fr.ac6.mcu.externaltools.arm-none.win32_1.17.0.201812190825/tools/compiler/bin/../lib/gcc/arm-none-eabi/7.3.1/../../../../arm-none-eabi/lib/thumb/v6-m\libc.a(lib_a-impure.o)
 .data.__atexit_recursive_mutex
                0x20000448        0x4 c:/ac6/systemworkbench/plugins/fr.ac6.mcu.externaltools.arm-none.win32_1.17.0.201812190825/tools/compiler/bin/../lib/gcc/arm-none-eabi/7.3.1/../../../../arm-none-eabi/lib/thumb/v6-m\libc.a(lib_a-__call_atexit.o)
                0x20000448                __atexit_recursive_mutex
 .data.__malloc_av_
                0x2000044c      0x408 c:/ac6/systemworkbench/plugins/fr.ac6.mcu.externaltools.arm-none.win32_1.17.0.201812190825/tools/compiler/bin/../lib/gcc/arm-none-eabi/7.3.1/../../../../arm-none-eabi/lib/thumb/v6-m\libc.a(lib_a-mallocr.o)
                0x2000044c                __malloc_av_
 .data.__malloc_sbrk_base
                0x20000854        0x4 c:/ac6/systemworkbench/plugins/fr.ac6.mcu.externaltools.arm-none.win32_1.17.0.201812190825/tools/compiler/bin/../lib/gcc/arm-none-eabi/7.3.1/../../../../arm-none-eabi/lib/thumb/v6-m\libc.a(lib_a-mallocr.o)
                0x20000854                __malloc_sbrk_base
 .data.__malloc_trim_threshold
                0x20000858        0x4 c:/ac6/systemworkbench/plugins/fr.ac6.mcu.externaltools.arm-none.win32_1.17.0.201812190825/tools/compiler/bin/../lib/gcc/arm-none-eabi/7.3.1/../../../../arm-none-eabi/lib/thumb/v6-m\libc.a(lib_a-mallocr.o)
                0x20000858                __malloc_trim_threshold
 .data.__global_locale
                0x2000085c      0x16c c:/ac6/systemworkbench/plugins/fr.ac6.mcu.externaltools.arm-none.win32_1.17.0.201812190825/tools/compiler/bin/../lib/gcc/arm-none-eabi/7.3.1/../../../../arm-none-eabi/lib/thumb/v6-m\libc.a(lib_a-locale.o)
                0x2000085c                __global_locale
                0x200009c8                . = ALIGN (0x4)
                0x200009c8                _edata = .

.igot.plt       0x200009c8        0x0 load address 0x08009f34
 .igot.plt      0x200009c8        0x0 c:/ac6/systemworkbench/plugins/fr.ac6.mcu.externaltools.arm-none.win32_1.17.0.201812190825/tools/compiler/bin/../lib/gcc/arm-none-eabi/7.3.1/thumb/v6-m/crtbegin.o
                0x200009c8                . = ALIGN (0x4)

.bss            0x200009c8      0x7a0 load address 0x08009f34
                0x200009c8                _sbss = .
                0x200009c8                __bss_start__ = _sbss
 *(.bss)
 .bss           0x200009c8       0x1c c:/ac6/systemworkbench/plugins/fr.ac6.mcu.externaltools.arm-none.win32_1.17.0.201812190825/tools/compiler/bin/../lib/gcc/arm-none-eabi/7.3.1/thumb/v6-m/crtbegin.o
 .bss           0x200009e4      0x634 src/main.o
                0x200009e4                sample
                0x200009e8                volt1
                0x200009ec                volt2
                0x200009f0                volt3
                0x200009f4                hist1
                0x20000bf4                sum1
                0x20000bf8                pos1
                0x20000bfc                hist2
                0x20000dfc                sum2
                0x20000e00                pos2
                0x20000e04                hist3
                0x20001004                sum3
                0x20001008                pos3
                0x2000100c                error
                0x20001010                on
                0x20001014                ron
 .bss           0x20001018        0x8 src/syscalls.o
                0x20001018                __env
 *(.bss*)
 .bss.__malloc_current_mallinfo
                0x20001020       0x28 c:/ac6/systemworkbench/plugins/fr.ac6.mcu.externaltools.arm-none.win32_1.17.0.201812190825/tools/compiler/bin/../lib/gcc/arm-none-eabi/7.3.1/../../../../arm-none-eabi/lib/thumb/v6-m\libc.a(lib_a-mallocr.o)
                0x20001020                __malloc_current_mallinfo
 .bss.__malloc_max_sbrked_mem
                0x20001048        0x4 c:/ac6/systemworkbench/plugins/fr.ac6.mcu.externaltools.arm-none.win32_1.17.0.201812190825/tools/compiler/bin/../lib/gcc/arm-none-eabi/7.3.1/../../../../arm-none-eabi/lib/thumb/v6-m\libc.a(lib_a-mallocr.o)
                0x20001048                __malloc_max_sbrked_mem
 .bss.__malloc_max_total_mem
                0x2000104c        0x4 c:/ac6/systemworkbench/plugins/fr.ac6.mcu.externaltools.arm-none.win32_1.17.0.201812190825/tools/compiler/bin/../lib/gcc/arm-none-eabi/7.3.1/../../../../arm-none-eabi/lib/thumb/v6-m\libc.a(lib_a-mallocr.o)
                0x2000104c                __malloc_max_total_mem
 .bss.__malloc_top_pad
                0x20001050        0x4 c:/ac6/systemworkbench/plugins/fr.ac6.mcu.externaltools.arm-none.win32_1.17.0.201812190825/tools/compiler/bin/../lib/gcc/arm-none-eabi/7.3.1/../../../../arm-none-eabi/lib/thumb/v6-m\libc.a(lib_a-mallocr.o)
                0x20001050                __malloc_top_pad
 *(COMMON)
 COMMON         0x20001054        0x4 HAL_Driver/Src/stm32f0xx_hal.o
                0x20001054                uwTick
 COMMON         0x20001058       0xe6 src/main.o
                0x20001058                RX_BUFFER
                0x2000106c                huart3
                0x200010dc                msg
                0x200010e0                line1
                0x200010f8                line3
                0x20001110                line2
                0x20001128                TX_BUFFER2
                0x20001134                TX_BUFFER1
 *fill*         0x2000113e        0x2 
 COMMON         0x20001140       0x21 c:/ac6/systemworkbench/plugins/fr.ac6.mcu.externaltools.arm-none.win32_1.17.0.201812190825/tools/compiler/bin/../lib/gcc/arm-none-eabi/7.3.1/../../../../arm-none-eabi/lib/thumb/v6-m\libc.a(lib_a-lock.o)
                0x20001140                __lock___atexit_recursive_mutex
                0x20001144                __lock___arc4random_mutex
                0x20001148                __lock___env_recursive_mutex
                0x2000114c                __lock___sinit_recursive_mutex
                0x20001150                __lock___malloc_recursive_mutex
                0x20001154                __lock___at_quick_exit_mutex
                0x20001158                __lock___dd_hash_mutex
                0x2000115c                __lock___tz_mutex
                0x20001160                __lock___sfp_recursive_mutex
 *fill*         0x20001161        0x3 
 COMMON         0x20001164        0x4 c:/ac6/systemworkbench/plugins/fr.ac6.mcu.externaltools.arm-none.win32_1.17.0.201812190825/tools/compiler/bin/../lib/gcc/arm-none-eabi/7.3.1/../../../../arm-none-eabi/lib/thumb/v6-m\libc.a(lib_a-reent.o)
                0x20001164                errno
                0x20001168                . = ALIGN (0x4)
                0x20001168                _ebss = .
                0x20001168                __bss_end__ = _ebss

._user_heap_stack
                0x20001168      0x400 load address 0x08009f34
                0x20001168                . = ALIGN (0x8)
                0x20001168                PROVIDE (end = .)
                [!provide]                PROVIDE (_end = .)
                0x20001168                . = (. + _Min_Heap_Size)
                0x20001568                . = (. + _Min_Stack_Size)
 *fill*         0x20001168      0x400 
                0x20001568                . = ALIGN (0x8)

/DISCARD/
 libc.a(*)
 libm.a(*)
 libgcc.a(*)

.ARM.attributes
                0x00000000       0x28
 *(.ARM.attributes)
 .ARM.attributes
                0x00000000       0x1e c:/ac6/systemworkbench/plugins/fr.ac6.mcu.externaltools.arm-none.win32_1.17.0.201812190825/tools/compiler/bin/../lib/gcc/arm-none-eabi/7.3.1/thumb/v6-m/crti.o
 .ARM.attributes
                0x0000001e       0x2c c:/ac6/systemworkbench/plugins/fr.ac6.mcu.externaltools.arm-none.win32_1.17.0.201812190825/tools/compiler/bin/../lib/gcc/arm-none-eabi/7.3.1/thumb/v6-m/crtbegin.o
 .ARM.attributes
                0x0000004a       0x31 HAL_Driver/Src/stm32f0xx_hal.o
 .ARM.attributes
                0x0000007b       0x31 HAL_Driver/Src/stm32f0xx_hal_cortex.o
 .ARM.attributes
                0x000000ac       0x31 HAL_Driver/Src/stm32f0xx_hal_dma.o
 .ARM.attributes
                0x000000dd       0x31 HAL_Driver/Src/stm32f0xx_hal_msp_template.o
 .ARM.attributes
                0x0000010e       0x31 HAL_Driver/Src/stm32f0xx_hal_rcc.o
 .ARM.attributes
                0x0000013f       0x31 HAL_Driver/Src/stm32f0xx_hal_uart.o
 .ARM.attributes
                0x00000170       0x31 HAL_Driver/Src/stm32f0xx_hal_uart_ex.o
 .ARM.attributes
                0x000001a1       0x31 src/main.o
 .ARM.attributes
                0x000001d2       0x31 src/stm32f0xx_it.o
 .ARM.attributes
                0x00000203       0x31 src/syscalls.o
 .ARM.attributes
                0x00000234       0x31 src/system_stm32f0xx.o
 .ARM.attributes
                0x00000265       0x21 startup/startup_stm32.o
 .ARM.attributes
                0x00000286       0x1e c:/ac6/systemworkbench/plugins/fr.ac6.mcu.externaltools.arm-none.win32_1.17.0.201812190825/tools/compiler/bin/../lib/gcc/arm-none-eabi/7.3.1/thumb/v6-m\libgcc.a(_udivsi3.o)
 .ARM.attributes
                0x000002a4       0x1e c:/ac6/systemworkbench/plugins/fr.ac6.mcu.externaltools.arm-none.win32_1.17.0.201812190825/tools/compiler/bin/../lib/gcc/arm-none-eabi/7.3.1/thumb/v6-m\libgcc.a(_dvmd_tls.o)
 .ARM.attributes
                0x000002c2       0x1e c:/ac6/systemworkbench/plugins/fr.ac6.mcu.externaltools.arm-none.win32_1.17.0.201812190825/tools/compiler/bin/../lib/gcc/arm-none-eabi/7.3.1/thumb/v6-m\libgcc.a(_arm_cmpsf2.o)
 .ARM.attributes
                0x000002e0       0x2c c:/ac6/systemworkbench/plugins/fr.ac6.mcu.externaltools.arm-none.win32_1.17.0.201812190825/tools/compiler/bin/../lib/gcc/arm-none-eabi/7.3.1/thumb/v6-m\libgcc.a(_fixunssfsi.o)
 .ARM.attributes
                0x0000030c       0x2c c:/ac6/systemworkbench/plugins/fr.ac6.mcu.externaltools.arm-none.win32_1.17.0.201812190825/tools/compiler/bin/../lib/gcc/arm-none-eabi/7.3.1/thumb/v6-m\libgcc.a(addsf3.o)
 .ARM.attributes
                0x00000338       0x2c c:/ac6/systemworkbench/plugins/fr.ac6.mcu.externaltools.arm-none.win32_1.17.0.201812190825/tools/compiler/bin/../lib/gcc/arm-none-eabi/7.3.1/thumb/v6-m\libgcc.a(divsf3.o)
 .ARM.attributes
                0x00000364       0x2c c:/ac6/systemworkbench/plugins/fr.ac6.mcu.externaltools.arm-none.win32_1.17.0.201812190825/tools/compiler/bin/../lib/gcc/arm-none-eabi/7.3.1/thumb/v6-m\libgcc.a(eqsf2.o)
 .ARM.attributes
                0x00000390       0x2c c:/ac6/systemworkbench/plugins/fr.ac6.mcu.externaltools.arm-none.win32_1.17.0.201812190825/tools/compiler/bin/../lib/gcc/arm-none-eabi/7.3.1/thumb/v6-m\libgcc.a(gesf2.o)
 .ARM.attributes
                0x000003bc       0x2c c:/ac6/systemworkbench/plugins/fr.ac6.mcu.externaltools.arm-none.win32_1.17.0.201812190825/tools/compiler/bin/../lib/gcc/arm-none-eabi/7.3.1/thumb/v6-m\libgcc.a(lesf2.o)
 .ARM.attributes
                0x000003e8       0x2c c:/ac6/systemworkbench/plugins/fr.ac6.mcu.externaltools.arm-none.win32_1.17.0.201812190825/tools/compiler/bin/../lib/gcc/arm-none-eabi/7.3.1/thumb/v6-m\libgcc.a(mulsf3.o)
 .ARM.attributes
                0x00000414       0x2c c:/ac6/systemworkbench/plugins/fr.ac6.mcu.externaltools.arm-none.win32_1.17.0.201812190825/tools/compiler/bin/../lib/gcc/arm-none-eabi/7.3.1/thumb/v6-m\libgcc.a(subsf3.o)
 .ARM.attributes
                0x00000440       0x2c c:/ac6/systemworkbench/plugins/fr.ac6.mcu.externaltools.arm-none.win32_1.17.0.201812190825/tools/compiler/bin/../lib/gcc/arm-none-eabi/7.3.1/thumb/v6-m\libgcc.a(fixsfsi.o)
 .ARM.attributes
                0x0000046c       0x2c c:/ac6/systemworkbench/plugins/fr.ac6.mcu.externaltools.arm-none.win32_1.17.0.201812190825/tools/compiler/bin/../lib/gcc/arm-none-eabi/7.3.1/thumb/v6-m\libgcc.a(floatsisf.o)
 .ARM.attributes
                0x00000498       0x2c c:/ac6/systemworkbench/plugins/fr.ac6.mcu.externaltools.arm-none.win32_1.17.0.201812190825/tools/compiler/bin/../lib/gcc/arm-none-eabi/7.3.1/thumb/v6-m\libgcc.a(divdf3.o)
 .ARM.attributes
                0x000004c4       0x2c c:/ac6/systemworkbench/plugins/fr.ac6.mcu.externaltools.arm-none.win32_1.17.0.201812190825/tools/compiler/bin/../lib/gcc/arm-none-eabi/7.3.1/thumb/v6-m\libgcc.a(muldf3.o)
 .ARM.attributes
                0x000004f0       0x2c c:/ac6/systemworkbench/plugins/fr.ac6.mcu.externaltools.arm-none.win32_1.17.0.201812190825/tools/compiler/bin/../lib/gcc/arm-none-eabi/7.3.1/thumb/v6-m\libgcc.a(subdf3.o)
 .ARM.attributes
                0x0000051c       0x2c c:/ac6/systemworkbench/plugins/fr.ac6.mcu.externaltools.arm-none.win32_1.17.0.201812190825/tools/compiler/bin/../lib/gcc/arm-none-eabi/7.3.1/thumb/v6-m\libgcc.a(extendsfdf2.o)
 .ARM.attributes
                0x00000548       0x2c c:/ac6/systemworkbench/plugins/fr.ac6.mcu.externaltools.arm-none.win32_1.17.0.201812190825/tools/compiler/bin/../lib/gcc/arm-none-eabi/7.3.1/thumb/v6-m\libgcc.a(truncdfsf2.o)
 .ARM.attributes
                0x00000574       0x1e c:/ac6/systemworkbench/plugins/fr.ac6.mcu.externaltools.arm-none.win32_1.17.0.201812190825/tools/compiler/bin/../lib/gcc/arm-none-eabi/7.3.1/thumb/v6-m\libgcc.a(_clzsi2.o)
 .ARM.attributes
                0x00000592       0x2c c:/ac6/systemworkbench/plugins/fr.ac6.mcu.externaltools.arm-none.win32_1.17.0.201812190825/tools/compiler/bin/../lib/gcc/arm-none-eabi/7.3.1/../../../../arm-none-eabi/lib/thumb/v6-m\libc.a(lib_a-errno.o)
 .ARM.attributes
                0x000005be       0x2c c:/ac6/systemworkbench/plugins/fr.ac6.mcu.externaltools.arm-none.win32_1.17.0.201812190825/tools/compiler/bin/../lib/gcc/arm-none-eabi/7.3.1/../../../../arm-none-eabi/lib/thumb/v6-m\libc.a(lib_a-impure.o)
 .ARM.attributes
                0x000005ea       0x2c c:/ac6/systemworkbench/plugins/fr.ac6.mcu.externaltools.arm-none.win32_1.17.0.201812190825/tools/compiler/bin/../lib/gcc/arm-none-eabi/7.3.1/../../../../arm-none-eabi/lib/thumb/v6-m\libc.a(lib_a-init.o)
 .ARM.attributes
                0x00000616       0x2c c:/ac6/systemworkbench/plugins/fr.ac6.mcu.externaltools.arm-none.win32_1.17.0.201812190825/tools/compiler/bin/../lib/gcc/arm-none-eabi/7.3.1/../../../../arm-none-eabi/lib/thumb/v6-m\libc.a(lib_a-memcpy-stub.o)
 .ARM.attributes
                0x00000642       0x2c c:/ac6/systemworkbench/plugins/fr.ac6.mcu.externaltools.arm-none.win32_1.17.0.201812190825/tools/compiler/bin/../lib/gcc/arm-none-eabi/7.3.1/../../../../arm-none-eabi/lib/thumb/v6-m\libc.a(lib_a-memset.o)
 .ARM.attributes
                0x0000066e       0x2c c:/ac6/systemworkbench/plugins/fr.ac6.mcu.externaltools.arm-none.win32_1.17.0.201812190825/tools/compiler/bin/../lib/gcc/arm-none-eabi/7.3.1/../../../../arm-none-eabi/lib/thumb/v6-m\libc.a(lib_a-sprintf.o)
 .ARM.attributes
                0x0000069a       0x2c c:/ac6/systemworkbench/plugins/fr.ac6.mcu.externaltools.arm-none.win32_1.17.0.201812190825/tools/compiler/bin/../lib/gcc/arm-none-eabi/7.3.1/../../../../arm-none-eabi/lib/thumb/v6-m\libc.a(lib_a-strlen-stub.o)
 .ARM.attributes
                0x000006c6       0x2c c:/ac6/systemworkbench/plugins/fr.ac6.mcu.externaltools.arm-none.win32_1.17.0.201812190825/tools/compiler/bin/../lib/gcc/arm-none-eabi/7.3.1/../../../../arm-none-eabi/lib/thumb/v6-m\libc.a(lib_a-svfprintf.o)
 .ARM.attributes
                0x000006f2       0x2c c:/ac6/systemworkbench/plugins/fr.ac6.mcu.externaltools.arm-none.win32_1.17.0.201812190825/tools/compiler/bin/../lib/gcc/arm-none-eabi/7.3.1/../../../../arm-none-eabi/lib/thumb/v6-m\libc.a(lib_a-__call_atexit.o)
 .ARM.attributes
                0x0000071e       0x2c c:/ac6/systemworkbench/plugins/fr.ac6.mcu.externaltools.arm-none.win32_1.17.0.201812190825/tools/compiler/bin/../lib/gcc/arm-none-eabi/7.3.1/../../../../arm-none-eabi/lib/thumb/v6-m\libc.a(lib_a-atexit.o)
 .ARM.attributes
                0x0000074a       0x2c c:/ac6/systemworkbench/plugins/fr.ac6.mcu.externaltools.arm-none.win32_1.17.0.201812190825/tools/compiler/bin/../lib/gcc/arm-none-eabi/7.3.1/../../../../arm-none-eabi/lib/thumb/v6-m\libc.a(lib_a-dtoa.o)
 .ARM.attributes
                0x00000776       0x2c c:/ac6/systemworkbench/plugins/fr.ac6.mcu.externaltools.arm-none.win32_1.17.0.201812190825/tools/compiler/bin/../lib/gcc/arm-none-eabi/7.3.1/../../../../arm-none-eabi/lib/thumb/v6-m\libc.a(lib_a-fini.o)
 .ARM.attributes
                0x000007a2       0x2c c:/ac6/systemworkbench/plugins/fr.ac6.mcu.externaltools.arm-none.win32_1.17.0.201812190825/tools/compiler/bin/../lib/gcc/arm-none-eabi/7.3.1/../../../../arm-none-eabi/lib/thumb/v6-m\libc.a(lib_a-freer.o)
 .ARM.attributes
                0x000007ce       0x2c c:/ac6/systemworkbench/plugins/fr.ac6.mcu.externaltools.arm-none.win32_1.17.0.201812190825/tools/compiler/bin/../lib/gcc/arm-none-eabi/7.3.1/../../../../arm-none-eabi/lib/thumb/v6-m\libc.a(lib_a-localeconv.o)
 .ARM.attributes
                0x000007fa       0x2c c:/ac6/systemworkbench/plugins/fr.ac6.mcu.externaltools.arm-none.win32_1.17.0.201812190825/tools/compiler/bin/../lib/gcc/arm-none-eabi/7.3.1/../../../../arm-none-eabi/lib/thumb/v6-m\libc.a(lib_a-lock.o)
 .ARM.attributes
                0x00000826       0x2c c:/ac6/systemworkbench/plugins/fr.ac6.mcu.externaltools.arm-none.win32_1.17.0.201812190825/tools/compiler/bin/../lib/gcc/arm-none-eabi/7.3.1/../../../../arm-none-eabi/lib/thumb/v6-m\libc.a(lib_a-mallocr.o)
 .ARM.attributes
                0x00000852       0x2c c:/ac6/systemworkbench/plugins/fr.ac6.mcu.externaltools.arm-none.win32_1.17.0.201812190825/tools/compiler/bin/../lib/gcc/arm-none-eabi/7.3.1/../../../../arm-none-eabi/lib/thumb/v6-m\libc.a(lib_a-memchr-stub.o)
 .ARM.attributes
                0x0000087e       0x2c c:/ac6/systemworkbench/plugins/fr.ac6.mcu.externaltools.arm-none.win32_1.17.0.201812190825/tools/compiler/bin/../lib/gcc/arm-none-eabi/7.3.1/../../../../arm-none-eabi/lib/thumb/v6-m\libc.a(lib_a-mlock.o)
 .ARM.attributes
                0x000008aa       0x2c c:/ac6/systemworkbench/plugins/fr.ac6.mcu.externaltools.arm-none.win32_1.17.0.201812190825/tools/compiler/bin/../lib/gcc/arm-none-eabi/7.3.1/../../../../arm-none-eabi/lib/thumb/v6-m\libc.a(lib_a-mprec.o)
 .ARM.attributes
                0x000008d6       0x2c c:/ac6/systemworkbench/plugins/fr.ac6.mcu.externaltools.arm-none.win32_1.17.0.201812190825/tools/compiler/bin/../lib/gcc/arm-none-eabi/7.3.1/../../../../arm-none-eabi/lib/thumb/v6-m\libc.a(lib_a-s_frexp.o)
 .ARM.attributes
                0x00000902       0x2c c:/ac6/systemworkbench/plugins/fr.ac6.mcu.externaltools.arm-none.win32_1.17.0.201812190825/tools/compiler/bin/../lib/gcc/arm-none-eabi/7.3.1/../../../../arm-none-eabi/lib/thumb/v6-m\libc.a(lib_a-sbrkr.o)
 .ARM.attributes
                0x0000092e       0x2c c:/ac6/systemworkbench/plugins/fr.ac6.mcu.externaltools.arm-none.win32_1.17.0.201812190825/tools/compiler/bin/../lib/gcc/arm-none-eabi/7.3.1/../../../../arm-none-eabi/lib/thumb/v6-m\libc.a(lib_a-strncpy.o)
 .ARM.attributes
                0x0000095a       0x2c c:/ac6/systemworkbench/plugins/fr.ac6.mcu.externaltools.arm-none.win32_1.17.0.201812190825/tools/compiler/bin/../lib/gcc/arm-none-eabi/7.3.1/../../../../arm-none-eabi/lib/thumb/v6-m\libc.a(lib_a-svfiprintf.o)
 .ARM.attributes
                0x00000986       0x2c c:/ac6/systemworkbench/plugins/fr.ac6.mcu.externaltools.arm-none.win32_1.17.0.201812190825/tools/compiler/bin/../lib/gcc/arm-none-eabi/7.3.1/../../../../arm-none-eabi/lib/thumb/v6-m\libc.a(lib_a-__atexit.o)
 .ARM.attributes
                0x000009b2       0x2c c:/ac6/systemworkbench/plugins/fr.ac6.mcu.externaltools.arm-none.win32_1.17.0.201812190825/tools/compiler/bin/../lib/gcc/arm-none-eabi/7.3.1/../../../../arm-none-eabi/lib/thumb/v6-m\libc.a(lib_a-callocr.o)
 .ARM.attributes
                0x000009de       0x2c c:/ac6/systemworkbench/plugins/fr.ac6.mcu.externaltools.arm-none.win32_1.17.0.201812190825/tools/compiler/bin/../lib/gcc/arm-none-eabi/7.3.1/../../../../arm-none-eabi/lib/thumb/v6-m\libc.a(lib_a-locale.o)
 .ARM.attributes
                0x00000a0a       0x2c c:/ac6/systemworkbench/plugins/fr.ac6.mcu.externaltools.arm-none.win32_1.17.0.201812190825/tools/compiler/bin/../lib/gcc/arm-none-eabi/7.3.1/../../../../arm-none-eabi/lib/thumb/v6-m\libc.a(lib_a-mbtowc_r.o)
 .ARM.attributes
                0x00000a36       0x2c c:/ac6/systemworkbench/plugins/fr.ac6.mcu.externaltools.arm-none.win32_1.17.0.201812190825/tools/compiler/bin/../lib/gcc/arm-none-eabi/7.3.1/../../../../arm-none-eabi/lib/thumb/v6-m\libc.a(lib_a-memmove.o)
 .ARM.attributes
                0x00000a62       0x2c c:/ac6/systemworkbench/plugins/fr.ac6.mcu.externaltools.arm-none.win32_1.17.0.201812190825/tools/compiler/bin/../lib/gcc/arm-none-eabi/7.3.1/../../../../arm-none-eabi/lib/thumb/v6-m\libc.a(lib_a-reallocr.o)
 .ARM.attributes
                0x00000a8e       0x2c c:/ac6/systemworkbench/plugins/fr.ac6.mcu.externaltools.arm-none.win32_1.17.0.201812190825/tools/compiler/bin/../lib/gcc/arm-none-eabi/7.3.1/../../../../arm-none-eabi/lib/thumb/v6-m\libc.a(lib_a-reent.o)
 .ARM.attributes
                0x00000aba       0x2c c:/ac6/systemworkbench/plugins/fr.ac6.mcu.externaltools.arm-none.win32_1.17.0.201812190825/tools/compiler/bin/../lib/gcc/arm-none-eabi/7.3.1/../../../../arm-none-eabi/lib/thumb/v6-m\libc.a(lib_a-wctomb_r.o)
 .ARM.attributes
                0x00000ae6       0x2c c:/ac6/systemworkbench/plugins/fr.ac6.mcu.externaltools.arm-none.win32_1.17.0.201812190825/tools/compiler/bin/../lib/gcc/arm-none-eabi/7.3.1/../../../../arm-none-eabi/lib/thumb/v6-m\libc.a(lib_a-ctype_.o)
 .ARM.attributes
                0x00000b12       0x1e c:/ac6/systemworkbench/plugins/fr.ac6.mcu.externaltools.arm-none.win32_1.17.0.201812190825/tools/compiler/bin/../lib/gcc/arm-none-eabi/7.3.1/thumb/v6-m\libgcc.a(_divsi3.o)
 .ARM.attributes
                0x00000b30       0x1e c:/ac6/systemworkbench/plugins/fr.ac6.mcu.externaltools.arm-none.win32_1.17.0.201812190825/tools/compiler/bin/../lib/gcc/arm-none-eabi/7.3.1/thumb/v6-m\libgcc.a(_arm_cmpdf2.o)
 .ARM.attributes
                0x00000b4e       0x1e c:/ac6/systemworkbench/plugins/fr.ac6.mcu.externaltools.arm-none.win32_1.17.0.201812190825/tools/compiler/bin/../lib/gcc/arm-none-eabi/7.3.1/thumb/v6-m\libgcc.a(_aeabi_uldivmod.o)
 .ARM.attributes
                0x00000b6c       0x2c c:/ac6/systemworkbench/plugins/fr.ac6.mcu.externaltools.arm-none.win32_1.17.0.201812190825/tools/compiler/bin/../lib/gcc/arm-none-eabi/7.3.1/thumb/v6-m\libgcc.a(_udivmoddi4.o)
 .ARM.attributes
                0x00000b98       0x2c c:/ac6/systemworkbench/plugins/fr.ac6.mcu.externaltools.arm-none.win32_1.17.0.201812190825/tools/compiler/bin/../lib/gcc/arm-none-eabi/7.3.1/thumb/v6-m\libgcc.a(adddf3.o)
 .ARM.attributes
                0x00000bc4       0x2c c:/ac6/systemworkbench/plugins/fr.ac6.mcu.externaltools.arm-none.win32_1.17.0.201812190825/tools/compiler/bin/../lib/gcc/arm-none-eabi/7.3.1/thumb/v6-m\libgcc.a(eqdf2.o)
 .ARM.attributes
                0x00000bf0       0x2c c:/ac6/systemworkbench/plugins/fr.ac6.mcu.externaltools.arm-none.win32_1.17.0.201812190825/tools/compiler/bin/../lib/gcc/arm-none-eabi/7.3.1/thumb/v6-m\libgcc.a(gedf2.o)
 .ARM.attributes
                0x00000c1c       0x2c c:/ac6/systemworkbench/plugins/fr.ac6.mcu.externaltools.arm-none.win32_1.17.0.201812190825/tools/compiler/bin/../lib/gcc/arm-none-eabi/7.3.1/thumb/v6-m\libgcc.a(ledf2.o)
 .ARM.attributes
                0x00000c48       0x2c c:/ac6/systemworkbench/plugins/fr.ac6.mcu.externaltools.arm-none.win32_1.17.0.201812190825/tools/compiler/bin/../lib/gcc/arm-none-eabi/7.3.1/thumb/v6-m\libgcc.a(unorddf2.o)
 .ARM.attributes
                0x00000c74       0x2c c:/ac6/systemworkbench/plugins/fr.ac6.mcu.externaltools.arm-none.win32_1.17.0.201812190825/tools/compiler/bin/../lib/gcc/arm-none-eabi/7.3.1/thumb/v6-m\libgcc.a(fixdfsi.o)
 .ARM.attributes
                0x00000ca0       0x2c c:/ac6/systemworkbench/plugins/fr.ac6.mcu.externaltools.arm-none.win32_1.17.0.201812190825/tools/compiler/bin/../lib/gcc/arm-none-eabi/7.3.1/thumb/v6-m\libgcc.a(floatsidf.o)
 .ARM.attributes
                0x00000ccc       0x2c c:/ac6/systemworkbench/plugins/fr.ac6.mcu.externaltools.arm-none.win32_1.17.0.201812190825/tools/compiler/bin/../lib/gcc/arm-none-eabi/7.3.1/thumb/v6-m\libgcc.a(floatunsidf.o)
 .ARM.attributes
                0x00000cf8       0x1e c:/ac6/systemworkbench/plugins/fr.ac6.mcu.externaltools.arm-none.win32_1.17.0.201812190825/tools/compiler/bin/../lib/gcc/arm-none-eabi/7.3.1/thumb/v6-m\libgcc.a(_clzdi2.o)
 .ARM.attributes
                0x00000d16       0x1e c:/ac6/systemworkbench/plugins/fr.ac6.mcu.externaltools.arm-none.win32_1.17.0.201812190825/tools/compiler/bin/../lib/gcc/arm-none-eabi/7.3.1/thumb/v6-m/crtn.o
OUTPUT(Senior-Design-Water-Bottle-2.elf elf32-littlearm)

.debug_info     0x00000000     0xc3c5
 .debug_info    0x00000000      0xdfd HAL_Driver/Src/stm32f0xx_hal.o
 .debug_info    0x00000dfd      0xf43 HAL_Driver/Src/stm32f0xx_hal_cortex.o
 .debug_info    0x00001d40      0xf9e HAL_Driver/Src/stm32f0xx_hal_dma.o
 .debug_info    0x00002cde     0x11dc HAL_Driver/Src/stm32f0xx_hal_msp_template.o
 .debug_info    0x00003eba      0xfb8 HAL_Driver/Src/stm32f0xx_hal_rcc.o
 .debug_info    0x00004e72     0x1b92 HAL_Driver/Src/stm32f0xx_hal_uart.o
 .debug_info    0x00006a04     0x10e1 HAL_Driver/Src/stm32f0xx_hal_uart_ex.o
 .debug_info    0x00007ae5     0x2099 src/main.o
 .debug_info    0x00009b7e      0xe87 src/stm32f0xx_it.o
 .debug_info    0x0000aa05      0xf2e src/syscalls.o
 .debug_info    0x0000b933      0xa70 src/system_stm32f0xx.o
 .debug_info    0x0000c3a3       0x22 startup/startup_stm32.o

.debug_abbrev   0x00000000     0x1d79
 .debug_abbrev  0x00000000      0x2a3 HAL_Driver/Src/stm32f0xx_hal.o
 .debug_abbrev  0x000002a3      0x33d HAL_Driver/Src/stm32f0xx_hal_cortex.o
 .debug_abbrev  0x000005e0      0x2bf HAL_Driver/Src/stm32f0xx_hal_dma.o
 .debug_abbrev  0x0000089f      0x22f HAL_Driver/Src/stm32f0xx_hal_msp_template.o
 .debug_abbrev  0x00000ace      0x2be HAL_Driver/Src/stm32f0xx_hal_rcc.o
 .debug_abbrev  0x00000d8c      0x2ae HAL_Driver/Src/stm32f0xx_hal_uart.o
 .debug_abbrev  0x0000103a      0x28b HAL_Driver/Src/stm32f0xx_hal_uart_ex.o
 .debug_abbrev  0x000012c5      0x419 src/main.o
 .debug_abbrev  0x000016de      0x1da src/stm32f0xx_it.o
 .debug_abbrev  0x000018b8      0x2aa src/syscalls.o
 .debug_abbrev  0x00001b62      0x205 src/system_stm32f0xx.o
 .debug_abbrev  0x00001d67       0x12 startup/startup_stm32.o

.debug_aranges  0x00000000      0x798
 .debug_aranges
                0x00000000       0xb8 HAL_Driver/Src/stm32f0xx_hal.o
 .debug_aranges
                0x000000b8       0xc0 HAL_Driver/Src/stm32f0xx_hal_cortex.o
 .debug_aranges
                0x00000178       0x88 HAL_Driver/Src/stm32f0xx_hal_dma.o
 .debug_aranges
                0x00000200       0x48 HAL_Driver/Src/stm32f0xx_hal_msp_template.o
 .debug_aranges
                0x00000248       0x80 HAL_Driver/Src/stm32f0xx_hal_rcc.o
 .debug_aranges
                0x000002c8      0x1d8 HAL_Driver/Src/stm32f0xx_hal_uart.o
 .debug_aranges
                0x000004a0       0x60 HAL_Driver/Src/stm32f0xx_hal_uart_ex.o
 .debug_aranges
                0x00000500      0x170 src/main.o
 .debug_aranges
                0x00000670       0x28 src/stm32f0xx_it.o
 .debug_aranges
                0x00000698       0xb0 src/syscalls.o
 .debug_aranges
                0x00000748       0x28 src/system_stm32f0xx.o
 .debug_aranges
                0x00000770       0x28 startup/startup_stm32.o

.debug_ranges   0x00000000      0x6e0
 .debug_ranges  0x00000000       0xa8 HAL_Driver/Src/stm32f0xx_hal.o
 .debug_ranges  0x000000a8       0xb0 HAL_Driver/Src/stm32f0xx_hal_cortex.o
 .debug_ranges  0x00000158       0x78 HAL_Driver/Src/stm32f0xx_hal_dma.o
 .debug_ranges  0x000001d0       0x38 HAL_Driver/Src/stm32f0xx_hal_msp_template.o
 .debug_ranges  0x00000208       0x70 HAL_Driver/Src/stm32f0xx_hal_rcc.o
 .debug_ranges  0x00000278      0x1c8 HAL_Driver/Src/stm32f0xx_hal_uart.o
 .debug_ranges  0x00000440       0x50 HAL_Driver/Src/stm32f0xx_hal_uart_ex.o
 .debug_ranges  0x00000490      0x160 src/main.o
 .debug_ranges  0x000005f0       0x18 src/stm32f0xx_it.o
 .debug_ranges  0x00000608       0xa0 src/syscalls.o
 .debug_ranges  0x000006a8       0x18 src/system_stm32f0xx.o
 .debug_ranges  0x000006c0       0x20 startup/startup_stm32.o

.debug_macro    0x00000000    0x1c6ab
 .debug_macro   0x00000000      0x431 HAL_Driver/Src/stm32f0xx_hal.o
 .debug_macro   0x00000431      0xa5a HAL_Driver/Src/stm32f0xx_hal.o
 .debug_macro   0x00000e8b      0x117 HAL_Driver/Src/stm32f0xx_hal.o
 .debug_macro   0x00000fa2       0x28 HAL_Driver/Src/stm32f0xx_hal.o
 .debug_macro   0x00000fca       0x22 HAL_Driver/Src/stm32f0xx_hal.o
 .debug_macro   0x00000fec       0x22 HAL_Driver/Src/stm32f0xx_hal.o
 .debug_macro   0x0000100e       0x8e HAL_Driver/Src/stm32f0xx_hal.o
 .debug_macro   0x0000109c       0x51 HAL_Driver/Src/stm32f0xx_hal.o
 .debug_macro   0x000010ed       0xef HAL_Driver/Src/stm32f0xx_hal.o
 .debug_macro   0x000011dc       0x6a HAL_Driver/Src/stm32f0xx_hal.o
 .debug_macro   0x00001246      0x1df HAL_Driver/Src/stm32f0xx_hal.o
 .debug_macro   0x00001425       0x34 HAL_Driver/Src/stm32f0xx_hal.o
 .debug_macro   0x00001459       0x26 HAL_Driver/Src/stm32f0xx_hal.o
 .debug_macro   0x0000147f      0x30d HAL_Driver/Src/stm32f0xx_hal.o
 .debug_macro   0x0000178c    0x10e80 HAL_Driver/Src/stm32f0xx_hal.o
 .debug_macro   0x0001260c       0x3c HAL_Driver/Src/stm32f0xx_hal.o
 .debug_macro   0x00012648       0x5e HAL_Driver/Src/stm32f0xx_hal.o
 .debug_macro   0x000126a6       0x18 HAL_Driver/Src/stm32f0xx_hal.o
 .debug_macro   0x000126be       0x35 HAL_Driver/Src/stm32f0xx_hal.o
 .debug_macro   0x000126f3       0x34 HAL_Driver/Src/stm32f0xx_hal.o
 .debug_macro   0x00012727       0x16 HAL_Driver/Src/stm32f0xx_hal.o
 .debug_macro   0x0001273d       0x97 HAL_Driver/Src/stm32f0xx_hal.o
 .debug_macro   0x000127d4      0x330 HAL_Driver/Src/stm32f0xx_hal.o
 .debug_macro   0x00012b04       0xfd HAL_Driver/Src/stm32f0xx_hal.o
 .debug_macro   0x00012c01       0x10 HAL_Driver/Src/stm32f0xx_hal.o
 .debug_macro   0x00012c11       0x58 HAL_Driver/Src/stm32f0xx_hal.o
 .debug_macro   0x00012c69       0x1f HAL_Driver/Src/stm32f0xx_hal.o
 .debug_macro   0x00012c88       0x43 HAL_Driver/Src/stm32f0xx_hal.o
 .debug_macro   0x00012ccb       0x20 HAL_Driver/Src/stm32f0xx_hal.o
 .debug_macro   0x00012ceb      0x18e HAL_Driver/Src/stm32f0xx_hal.o
 .debug_macro   0x00012e79       0x10 HAL_Driver/Src/stm32f0xx_hal.o
 .debug_macro   0x00012e89       0x1c HAL_Driver/Src/stm32f0xx_hal.o
 .debug_macro   0x00012ea5       0x52 HAL_Driver/Src/stm32f0xx_hal.o
 .debug_macro   0x00012ef7       0x40 HAL_Driver/Src/stm32f0xx_hal.o
 .debug_macro   0x00012f37       0x10 HAL_Driver/Src/stm32f0xx_hal.o
 .debug_macro   0x00012f47       0x40 HAL_Driver/Src/stm32f0xx_hal.o
 .debug_macro   0x00012f87       0xd7 HAL_Driver/Src/stm32f0xx_hal.o
 .debug_macro   0x0001305e       0x1c HAL_Driver/Src/stm32f0xx_hal.o
 .debug_macro   0x0001307a       0x3d HAL_Driver/Src/stm32f0xx_hal.o
 .debug_macro   0x000130b7       0x16 HAL_Driver/Src/stm32f0xx_hal.o
 .debug_macro   0x000130cd      0x16f HAL_Driver/Src/stm32f0xx_hal.o
 .debug_macro   0x0001323c       0x50 HAL_Driver/Src/stm32f0xx_hal.o
 .debug_macro   0x0001328c      0x951 HAL_Driver/Src/stm32f0xx_hal.o
 .debug_macro   0x00013bdd      0x69b HAL_Driver/Src/stm32f0xx_hal.o
 .debug_macro   0x00014278      0x13a HAL_Driver/Src/stm32f0xx_hal.o
 .debug_macro   0x000143b2      0x202 HAL_Driver/Src/stm32f0xx_hal.o
 .debug_macro   0x000145b4      0x1bc HAL_Driver/Src/stm32f0xx_hal.o
 .debug_macro   0x00014770      0x4da HAL_Driver/Src/stm32f0xx_hal.o
 .debug_macro   0x00014c4a       0x3c HAL_Driver/Src/stm32f0xx_hal.o
 .debug_macro   0x00014c86       0x28 HAL_Driver/Src/stm32f0xx_hal.o
 .debug_macro   0x00014cae      0x33d HAL_Driver/Src/stm32f0xx_hal.o
 .debug_macro   0x00014feb       0xd4 HAL_Driver/Src/stm32f0xx_hal.o
 .debug_macro   0x000150bf      0x391 HAL_Driver/Src/stm32f0xx_hal.o
 .debug_macro   0x00015450      0x2e2 HAL_Driver/Src/stm32f0xx_hal.o
 .debug_macro   0x00015732      0x27b HAL_Driver/Src/stm32f0xx_hal.o
 .debug_macro   0x000159ad       0x88 HAL_Driver/Src/stm32f0xx_hal.o
 .debug_macro   0x00015a35       0x85 HAL_Driver/Src/stm32f0xx_hal.o
 .debug_macro   0x00015aba       0x12 HAL_Driver/Src/stm32f0xx_hal.o
 .debug_macro   0x00015acc       0xca HAL_Driver/Src/stm32f0xx_hal.o
 .debug_macro   0x00015b96       0xf5 HAL_Driver/Src/stm32f0xx_hal.o
 .debug_macro   0x00015c8b       0xb6 HAL_Driver/Src/stm32f0xx_hal.o
 .debug_macro   0x00015d41      0x23f HAL_Driver/Src/stm32f0xx_hal.o
 .debug_macro   0x00015f80      0x202 HAL_Driver/Src/stm32f0xx_hal.o
 .debug_macro   0x00016182       0x61 HAL_Driver/Src/stm32f0xx_hal.o
 .debug_macro   0x000161e3       0x90 HAL_Driver/Src/stm32f0xx_hal.o
 .debug_macro   0x00016273      0x1a0 HAL_Driver/Src/stm32f0xx_hal.o
 .debug_macro   0x00016413      0x264 HAL_Driver/Src/stm32f0xx_hal.o
 .debug_macro   0x00016677       0x31 HAL_Driver/Src/stm32f0xx_hal.o
 .debug_macro   0x000166a8       0x87 HAL_Driver/Src/stm32f0xx_hal.o
 .debug_macro   0x0001672f       0x4d HAL_Driver/Src/stm32f0xx_hal.o
 .debug_macro   0x0001677c      0x16d HAL_Driver/Src/stm32f0xx_hal.o
 .debug_macro   0x000168e9      0x2e2 HAL_Driver/Src/stm32f0xx_hal.o
 .debug_macro   0x00016bcb      0x3a3 HAL_Driver/Src/stm32f0xx_hal.o
 .debug_macro   0x00016f6e       0xdd HAL_Driver/Src/stm32f0xx_hal.o
 .debug_macro   0x0001704b      0x391 HAL_Driver/Src/stm32f0xx_hal.o
 .debug_macro   0x000173dc       0x11 HAL_Driver/Src/stm32f0xx_hal.o
 .debug_macro   0x000173ed      0x356 HAL_Driver/Src/stm32f0xx_hal.o
 .debug_macro   0x00017743      0x2f0 HAL_Driver/Src/stm32f0xx_hal.o
 .debug_macro   0x00017a33      0x845 HAL_Driver/Src/stm32f0xx_hal.o
 .debug_macro   0x00018278       0x4c HAL_Driver/Src/stm32f0xx_hal.o
 .debug_macro   0x000182c4      0x46a HAL_Driver/Src/stm32f0xx_hal.o
 .debug_macro   0x0001872e      0x38a HAL_Driver/Src/stm32f0xx_hal.o
 .debug_macro   0x00018ab8      0x209 HAL_Driver/Src/stm32f0xx_hal.o
 .debug_macro   0x00018cc1      0x1df HAL_Driver/Src/stm32f0xx_hal.o
 .debug_macro   0x00018ea0       0x99 HAL_Driver/Src/stm32f0xx_hal.o
 .debug_macro   0x00018f39       0x89 HAL_Driver/Src/stm32f0xx_hal.o
 .debug_macro   0x00018fc2      0x42e HAL_Driver/Src/stm32f0xx_hal.o
 .debug_macro   0x000193f0      0x40d HAL_Driver/Src/stm32f0xx_hal_cortex.o
 .debug_macro   0x000197fd      0x40d HAL_Driver/Src/stm32f0xx_hal_dma.o
 .debug_macro   0x00019c0a      0x40d HAL_Driver/Src/stm32f0xx_hal_msp_template.o
 .debug_macro   0x0001a017      0x41f HAL_Driver/Src/stm32f0xx_hal_rcc.o
 .debug_macro   0x0001a436      0x415 HAL_Driver/Src/stm32f0xx_hal_uart.o
 .debug_macro   0x0001a84b      0x40d HAL_Driver/Src/stm32f0xx_hal_uart_ex.o
 .debug_macro   0x0001ac58      0x489 src/main.o
 .debug_macro   0x0001b0e1       0x16 src/main.o
 .debug_macro   0x0001b0f7       0x35 src/main.o
 .debug_macro   0x0001b12c      0x1e1 src/main.o
 .debug_macro   0x0001b30d      0x417 src/stm32f0xx_it.o
 .debug_macro   0x0001b724      0x243 src/syscalls.o
 .debug_macro   0x0001b967       0x58 src/syscalls.o
 .debug_macro   0x0001b9bf       0x94 src/syscalls.o
 .debug_macro   0x0001ba53       0x57 src/syscalls.o
 .debug_macro   0x0001baaa      0x174 src/syscalls.o
 .debug_macro   0x0001bc1e       0x10 src/syscalls.o
 .debug_macro   0x0001bc2e       0x10 src/syscalls.o
 .debug_macro   0x0001bc3e       0x10 src/syscalls.o
 .debug_macro   0x0001bc4e       0x35 src/syscalls.o
 .debug_macro   0x0001bc83      0x122 src/syscalls.o
 .debug_macro   0x0001bda5       0x16 src/syscalls.o
 .debug_macro   0x0001bdbb       0x16 src/syscalls.o
 .debug_macro   0x0001bdd1       0x29 src/syscalls.o
 .debug_macro   0x0001bdfa       0x10 src/syscalls.o
 .debug_macro   0x0001be0a      0x241 src/syscalls.o
 .debug_macro   0x0001c04b       0x1c src/syscalls.o
 .debug_macro   0x0001c067       0x10 src/syscalls.o
 .debug_macro   0x0001c077      0x189 src/syscalls.o
 .debug_macro   0x0001c200       0x16 src/syscalls.o
 .debug_macro   0x0001c216       0x88 src/syscalls.o
 .debug_macro   0x0001c29e      0x40d src/system_stm32f0xx.o

.debug_line     0x00000000     0x7f7d
 .debug_line    0x00000000      0xb01 HAL_Driver/Src/stm32f0xx_hal.o
 .debug_line    0x00000b01      0xb53 HAL_Driver/Src/stm32f0xx_hal_cortex.o
 .debug_line    0x00001654      0xba3 HAL_Driver/Src/stm32f0xx_hal_dma.o
 .debug_line    0x000021f7      0xa0d HAL_Driver/Src/stm32f0xx_hal_msp_template.o
 .debug_line    0x00002c04      0xc14 HAL_Driver/Src/stm32f0xx_hal_rcc.o
 .debug_line    0x00003818     0x13a9 HAL_Driver/Src/stm32f0xx_hal_uart.o
 .debug_line    0x00004bc1      0xaf7 HAL_Driver/Src/stm32f0xx_hal_uart_ex.o
 .debug_line    0x000056b8      0xeb9 src/main.o
 .debug_line    0x00006571      0x9e7 src/stm32f0xx_it.o
 .debug_line    0x00006f58      0x5df src/syscalls.o
 .debug_line    0x00007537      0x9ca src/system_stm32f0xx.o
 .debug_line    0x00007f01       0x7c startup/startup_stm32.o

.debug_str      0x00000000    0xa9e36
 .debug_str     0x00000000    0xa690f HAL_Driver/Src/stm32f0xx_hal.o
                              0xa6c0f (size before relaxing)
 .debug_str     0x000a690f      0x20e HAL_Driver/Src/stm32f0xx_hal_cortex.o
                              0xa6af9 (size before relaxing)
 .debug_str     0x000a6b1d      0x3f4 HAL_Driver/Src/stm32f0xx_hal_dma.o
                              0xa6ad5 (size before relaxing)
 .debug_str     0x000a6f11      0x35d HAL_Driver/Src/stm32f0xx_hal_msp_template.o
                              0xa6dfd (size before relaxing)
 .debug_str     0x000a726e      0x33e HAL_Driver/Src/stm32f0xx_hal_rcc.o
                              0xa6ad7 (size before relaxing)
 .debug_str     0x000a75ac      0x64e HAL_Driver/Src/stm32f0xx_hal_uart.o
                              0xa7230 (size before relaxing)
 .debug_str     0x000a7bfa      0x188 HAL_Driver/Src/stm32f0xx_hal_uart_ex.o
                              0xa6cb3 (size before relaxing)
 .debug_str     0x000a7d82      0xdee src/main.o
                              0xa7a75 (size before relaxing)
 .debug_str     0x000a8b70       0x54 src/stm32f0xx_it.o
                              0xa6b24 (size before relaxing)
 .debug_str     0x000a8bc4     0x11ef src/syscalls.o
                               0x84f3 (size before relaxing)
 .debug_str     0x000a9db3       0x5a src/system_stm32f0xx.o
                              0xa66fa (size before relaxing)
 .debug_str     0x000a9e0d       0x29 startup/startup_stm32.o
                                 0x65 (size before relaxing)

.comment        0x00000000       0x7f
 .comment       0x00000000       0x7f HAL_Driver/Src/stm32f0xx_hal.o
                                 0x80 (size before relaxing)
 .comment       0x0000007f       0x80 HAL_Driver/Src/stm32f0xx_hal_cortex.o
 .comment       0x0000007f       0x80 HAL_Driver/Src/stm32f0xx_hal_dma.o
 .comment       0x0000007f       0x80 HAL_Driver/Src/stm32f0xx_hal_msp_template.o
 .comment       0x0000007f       0x80 HAL_Driver/Src/stm32f0xx_hal_rcc.o
 .comment       0x0000007f       0x80 HAL_Driver/Src/stm32f0xx_hal_uart.o
 .comment       0x0000007f       0x80 HAL_Driver/Src/stm32f0xx_hal_uart_ex.o
 .comment       0x0000007f       0x80 src/main.o
 .comment       0x0000007f       0x80 src/stm32f0xx_it.o
 .comment       0x0000007f       0x80 src/syscalls.o
 .comment       0x0000007f       0x80 src/system_stm32f0xx.o

.debug_frame    0x00000000     0x2830
 .debug_frame   0x00000000      0x248 HAL_Driver/Src/stm32f0xx_hal.o
 .debug_frame   0x00000248      0x2a0 HAL_Driver/Src/stm32f0xx_hal_cortex.o
 .debug_frame   0x000004e8      0x1d0 HAL_Driver/Src/stm32f0xx_hal_dma.o
 .debug_frame   0x000006b8       0xc0 HAL_Driver/Src/stm32f0xx_hal_msp_template.o
 .debug_frame   0x00000778      0x194 HAL_Driver/Src/stm32f0xx_hal_rcc.o
 .debug_frame   0x0000090c      0x710 HAL_Driver/Src/stm32f0xx_hal_uart.o
 .debug_frame   0x0000101c      0x130 HAL_Driver/Src/stm32f0xx_hal_uart_ex.o
 .debug_frame   0x0000114c      0x540 src/main.o
 .debug_frame   0x0000168c       0x48 src/stm32f0xx_it.o
 .debug_frame   0x000016d4      0x264 src/syscalls.o
 .debug_frame   0x00001938       0x4c src/system_stm32f0xx.o
 .debug_frame   0x00001984       0x20 c:/ac6/systemworkbench/plugins/fr.ac6.mcu.externaltools.arm-none.win32_1.17.0.201812190825/tools/compiler/bin/../lib/gcc/arm-none-eabi/7.3.1/thumb/v6-m\libgcc.a(_udivsi3.o)
 .debug_frame   0x000019a4       0x28 c:/ac6/systemworkbench/plugins/fr.ac6.mcu.externaltools.arm-none.win32_1.17.0.201812190825/tools/compiler/bin/../lib/gcc/arm-none-eabi/7.3.1/thumb/v6-m\libgcc.a(_fixunssfsi.o)
 .debug_frame   0x000019cc       0x38 c:/ac6/systemworkbench/plugins/fr.ac6.mcu.externaltools.arm-none.win32_1.17.0.201812190825/tools/compiler/bin/../lib/gcc/arm-none-eabi/7.3.1/thumb/v6-m\libgcc.a(addsf3.o)
 .debug_frame   0x00001a04       0x3c c:/ac6/systemworkbench/plugins/fr.ac6.mcu.externaltools.arm-none.win32_1.17.0.201812190825/tools/compiler/bin/../lib/gcc/arm-none-eabi/7.3.1/thumb/v6-m\libgcc.a(divsf3.o)
 .debug_frame   0x00001a40       0x2c c:/ac6/systemworkbench/plugins/fr.ac6.mcu.externaltools.arm-none.win32_1.17.0.201812190825/tools/compiler/bin/../lib/gcc/arm-none-eabi/7.3.1/thumb/v6-m\libgcc.a(eqsf2.o)
 .debug_frame   0x00001a6c       0x2c c:/ac6/systemworkbench/plugins/fr.ac6.mcu.externaltools.arm-none.win32_1.17.0.201812190825/tools/compiler/bin/../lib/gcc/arm-none-eabi/7.3.1/thumb/v6-m\libgcc.a(gesf2.o)
 .debug_frame   0x00001a98       0x2c c:/ac6/systemworkbench/plugins/fr.ac6.mcu.externaltools.arm-none.win32_1.17.0.201812190825/tools/compiler/bin/../lib/gcc/arm-none-eabi/7.3.1/thumb/v6-m\libgcc.a(lesf2.o)
 .debug_frame   0x00001ac4       0x3c c:/ac6/systemworkbench/plugins/fr.ac6.mcu.externaltools.arm-none.win32_1.17.0.201812190825/tools/compiler/bin/../lib/gcc/arm-none-eabi/7.3.1/thumb/v6-m\libgcc.a(mulsf3.o)
 .debug_frame   0x00001b00       0x38 c:/ac6/systemworkbench/plugins/fr.ac6.mcu.externaltools.arm-none.win32_1.17.0.201812190825/tools/compiler/bin/../lib/gcc/arm-none-eabi/7.3.1/thumb/v6-m\libgcc.a(subsf3.o)
 .debug_frame   0x00001b38       0x20 c:/ac6/systemworkbench/plugins/fr.ac6.mcu.externaltools.arm-none.win32_1.17.0.201812190825/tools/compiler/bin/../lib/gcc/arm-none-eabi/7.3.1/thumb/v6-m\libgcc.a(fixsfsi.o)
 .debug_frame   0x00001b58       0x2c c:/ac6/systemworkbench/plugins/fr.ac6.mcu.externaltools.arm-none.win32_1.17.0.201812190825/tools/compiler/bin/../lib/gcc/arm-none-eabi/7.3.1/thumb/v6-m\libgcc.a(floatsisf.o)
 .debug_frame   0x00001b84       0x3c c:/ac6/systemworkbench/plugins/fr.ac6.mcu.externaltools.arm-none.win32_1.17.0.201812190825/tools/compiler/bin/../lib/gcc/arm-none-eabi/7.3.1/thumb/v6-m\libgcc.a(divdf3.o)
 .debug_frame   0x00001bc0       0x3c c:/ac6/systemworkbench/plugins/fr.ac6.mcu.externaltools.arm-none.win32_1.17.0.201812190825/tools/compiler/bin/../lib/gcc/arm-none-eabi/7.3.1/thumb/v6-m\libgcc.a(muldf3.o)
 .debug_frame   0x00001bfc       0x3c c:/ac6/systemworkbench/plugins/fr.ac6.mcu.externaltools.arm-none.win32_1.17.0.201812190825/tools/compiler/bin/../lib/gcc/arm-none-eabi/7.3.1/thumb/v6-m\libgcc.a(subdf3.o)
 .debug_frame   0x00001c38       0x2c c:/ac6/systemworkbench/plugins/fr.ac6.mcu.externaltools.arm-none.win32_1.17.0.201812190825/tools/compiler/bin/../lib/gcc/arm-none-eabi/7.3.1/thumb/v6-m\libgcc.a(extendsfdf2.o)
 .debug_frame   0x00001c64       0x30 c:/ac6/systemworkbench/plugins/fr.ac6.mcu.externaltools.arm-none.win32_1.17.0.201812190825/tools/compiler/bin/../lib/gcc/arm-none-eabi/7.3.1/thumb/v6-m\libgcc.a(truncdfsf2.o)
 .debug_frame   0x00001c94       0x20 c:/ac6/systemworkbench/plugins/fr.ac6.mcu.externaltools.arm-none.win32_1.17.0.201812190825/tools/compiler/bin/../lib/gcc/arm-none-eabi/7.3.1/../../../../arm-none-eabi/lib/thumb/v6-m\libc.a(lib_a-errno.o)
 .debug_frame   0x00001cb4       0x2c c:/ac6/systemworkbench/plugins/fr.ac6.mcu.externaltools.arm-none.win32_1.17.0.201812190825/tools/compiler/bin/../lib/gcc/arm-none-eabi/7.3.1/../../../../arm-none-eabi/lib/thumb/v6-m\libc.a(lib_a-init.o)
 .debug_frame   0x00001ce0       0x30 c:/ac6/systemworkbench/plugins/fr.ac6.mcu.externaltools.arm-none.win32_1.17.0.201812190825/tools/compiler/bin/../lib/gcc/arm-none-eabi/7.3.1/../../../../arm-none-eabi/lib/thumb/v6-m\libc.a(lib_a-memcpy-stub.o)
 .debug_frame   0x00001d10       0x30 c:/ac6/systemworkbench/plugins/fr.ac6.mcu.externaltools.arm-none.win32_1.17.0.201812190825/tools/compiler/bin/../lib/gcc/arm-none-eabi/7.3.1/../../../../arm-none-eabi/lib/thumb/v6-m\libc.a(lib_a-memset.o)
 .debug_frame   0x00001d40       0x48 c:/ac6/systemworkbench/plugins/fr.ac6.mcu.externaltools.arm-none.win32_1.17.0.201812190825/tools/compiler/bin/../lib/gcc/arm-none-eabi/7.3.1/../../../../arm-none-eabi/lib/thumb/v6-m\libc.a(lib_a-sprintf.o)
 .debug_frame   0x00001d88       0x28 c:/ac6/systemworkbench/plugins/fr.ac6.mcu.externaltools.arm-none.win32_1.17.0.201812190825/tools/compiler/bin/../lib/gcc/arm-none-eabi/7.3.1/../../../../arm-none-eabi/lib/thumb/v6-m\libc.a(lib_a-strlen-stub.o)
 .debug_frame   0x00001db0       0x3c c:/ac6/systemworkbench/plugins/fr.ac6.mcu.externaltools.arm-none.win32_1.17.0.201812190825/tools/compiler/bin/../lib/gcc/arm-none-eabi/7.3.1/../../../../arm-none-eabi/lib/thumb/v6-m\libc.a(lib_a-svfprintf.o)
 .debug_frame   0x00001dec       0x54 c:/ac6/systemworkbench/plugins/fr.ac6.mcu.externaltools.arm-none.win32_1.17.0.201812190825/tools/compiler/bin/../lib/gcc/arm-none-eabi/7.3.1/../../../../arm-none-eabi/lib/thumb/v6-m\libc.a(lib_a-__call_atexit.o)
 .debug_frame   0x00001e40       0x28 c:/ac6/systemworkbench/plugins/fr.ac6.mcu.externaltools.arm-none.win32_1.17.0.201812190825/tools/compiler/bin/../lib/gcc/arm-none-eabi/7.3.1/../../../../arm-none-eabi/lib/thumb/v6-m\libc.a(lib_a-atexit.o)
 .debug_frame   0x00001e68       0x68 c:/ac6/systemworkbench/plugins/fr.ac6.mcu.externaltools.arm-none.win32_1.17.0.201812190825/tools/compiler/bin/../lib/gcc/arm-none-eabi/7.3.1/../../../../arm-none-eabi/lib/thumb/v6-m\libc.a(lib_a-dtoa.o)
 .debug_frame   0x00001ed0       0x2c c:/ac6/systemworkbench/plugins/fr.ac6.mcu.externaltools.arm-none.win32_1.17.0.201812190825/tools/compiler/bin/../lib/gcc/arm-none-eabi/7.3.1/../../../../arm-none-eabi/lib/thumb/v6-m\libc.a(lib_a-fini.o)
 .debug_frame   0x00001efc       0x58 c:/ac6/systemworkbench/plugins/fr.ac6.mcu.externaltools.arm-none.win32_1.17.0.201812190825/tools/compiler/bin/../lib/gcc/arm-none-eabi/7.3.1/../../../../arm-none-eabi/lib/thumb/v6-m\libc.a(lib_a-freer.o)
 .debug_frame   0x00001f54       0x40 c:/ac6/systemworkbench/plugins/fr.ac6.mcu.externaltools.arm-none.win32_1.17.0.201812190825/tools/compiler/bin/../lib/gcc/arm-none-eabi/7.3.1/../../../../arm-none-eabi/lib/thumb/v6-m\libc.a(lib_a-localeconv.o)
 .debug_frame   0x00001f94       0xb0 c:/ac6/systemworkbench/plugins/fr.ac6.mcu.externaltools.arm-none.win32_1.17.0.201812190825/tools/compiler/bin/../lib/gcc/arm-none-eabi/7.3.1/../../../../arm-none-eabi/lib/thumb/v6-m\libc.a(lib_a-lock.o)
 .debug_frame   0x00002044       0x3c c:/ac6/systemworkbench/plugins/fr.ac6.mcu.externaltools.arm-none.win32_1.17.0.201812190825/tools/compiler/bin/../lib/gcc/arm-none-eabi/7.3.1/../../../../arm-none-eabi/lib/thumb/v6-m\libc.a(lib_a-mallocr.o)